Archive member included to satisfy reference by file (symbol)

D:\VanNgocThien\TailieuKhoaluantotnghiep\codeproject\New folder\displaymucpin\protocol\bluetooth\lib\EFR32XG13X\GCC\libpsstore.a(store.c.obj)
                              (__nvm3Base)
D:\VanNgocThien\TailieuKhoaluantotnghiep\codeproject\New folder\displaymucpin\protocol\bluetooth\lib\EFR32XG13X\GCC\libpsstore.a(crc32.c.obj)
                              store.c.obj (symbol from plugin) (bg_crc_init)
D:\VanNgocThien\TailieuKhoaluantotnghiep\codeproject\New folder\displaymucpin\protocol\bluetooth\lib\EFR32XG13X\GCC\libbluetooth_mesh.a(bgapi.c.obj)
                              ./protocol/bluetooth/bt_mesh/src/mesh_lib.o (symbol from plugin) (gecko_cmd_msg_buf)
D:\VanNgocThien\TailieuKhoaluantotnghiep\codeproject\New folder\displaymucpin\protocol\bluetooth\lib\EFR32XG13X\GCC\libbluetooth_mesh.a(bgbuf.c.obj)
                              bgapi.c.obj (symbol from plugin) (bgbuf_chain_free)
D:\VanNgocThien\TailieuKhoaluantotnghiep\codeproject\New folder\displaymucpin\protocol\bluetooth\lib\EFR32XG13X\GCC\libbluetooth_mesh.a(bglib.c.obj)
                              ./main.o (symbol from plugin) (gecko_stack_init)
D:\VanNgocThien\TailieuKhoaluantotnghiep\codeproject\New folder\displaymucpin\protocol\bluetooth\lib\EFR32XG13X\GCC\libbluetooth_mesh.a(bondingdb.c.obj)
                              bglib.c.obj (symbol from plugin) (bondingdb_get_max_bonds)
D:\VanNgocThien\TailieuKhoaluantotnghiep\codeproject\New folder\displaymucpin\protocol\bluetooth\lib\EFR32XG13X\GCC\libbluetooth_mesh.a(btl_interface.c.obj)
                              bgapi.c.obj (symbol from plugin) (bootloader_getInfo)
D:\VanNgocThien\TailieuKhoaluantotnghiep\codeproject\New folder\displaymucpin\protocol\bluetooth\lib\EFR32XG13X\GCC\libbluetooth_mesh.a(efr32xg1x.c.obj)
                              bglib.c.obj (symbol from plugin) (bg_hal_set_ctune)
D:\VanNgocThien\TailieuKhoaluantotnghiep\codeproject\New folder\displaymucpin\protocol\bluetooth\lib\EFR32XG13X\GCC\libbluetooth_mesh.a(gap.c.obj)
                              bglib.c.obj (symbol from plugin) (gap_reset_state)
D:\VanNgocThien\TailieuKhoaluantotnghiep\codeproject\New folder\displaymucpin\protocol\bluetooth\lib\EFR32XG13X\GCC\libbluetooth_mesh.a(gap_adv.c.obj)
                              gap.c.obj (symbol from plugin) (gap_adv_update)
D:\VanNgocThien\TailieuKhoaluantotnghiep\codeproject\New folder\displaymucpin\protocol\bluetooth\lib\EFR32XG13X\GCC\libbluetooth_mesh.a(gap_periodic_adv-stubs.c.obj)
                              bglib.c.obj (symbol from plugin) (ubt_gap_alloc_periodic_adv)
D:\VanNgocThien\TailieuKhoaluantotnghiep\codeproject\New folder\displaymucpin\protocol\bluetooth\lib\EFR32XG13X\GCC\libbluetooth_mesh.a(gap_periodic_scan-stubs.c.obj)
                              bglib.c.obj (symbol from plugin) (ubt_gap_alloc_periodic_scan)
D:\VanNgocThien\TailieuKhoaluantotnghiep\codeproject\New folder\displaymucpin\protocol\bluetooth\lib\EFR32XG13X\GCC\libbluetooth_mesh.a(gap_resolver.c.obj)
                              gap.c.obj (symbol from plugin) (gap_address_resolver_step)
D:\VanNgocThien\TailieuKhoaluantotnghiep\codeproject\New folder\displaymucpin\protocol\bluetooth\lib\EFR32XG13X\GCC\libbluetooth_mesh.a(gap_scan.c.obj)
                              gap.c.obj (symbol from plugin) (gap_status_set_scan_packet)
D:\VanNgocThien\TailieuKhoaluantotnghiep\codeproject\New folder\displaymucpin\protocol\bluetooth\lib\EFR32XG13X\GCC\libbluetooth_mesh.a(gap_whitelist-stubs.c.obj)
                              bondingdb.c.obj (symbol from plugin) (gap_whitelist_clear_list)
D:\VanNgocThien\TailieuKhoaluantotnghiep\codeproject\New folder\displaymucpin\protocol\bluetooth\lib\EFR32XG13X\GCC\libbluetooth_mesh.a(gatt.c.obj)
                              gap.c.obj (symbol from plugin) (gatt_init_connection)
D:\VanNgocThien\TailieuKhoaluantotnghiep\codeproject\New folder\displaymucpin\protocol\bluetooth\lib\EFR32XG13X\GCC\libbluetooth_mesh.a(gatt_db_minimal.c.obj)
                              gap_adv.c.obj (symbol from plugin) (gatt_db_handle_active)
D:\VanNgocThien\TailieuKhoaluantotnghiep\codeproject\New folder\displaymucpin\protocol\bluetooth\lib\EFR32XG13X\GCC\libbluetooth_mesh.a(gatt_server.c.obj)
                              gatt_db_minimal.c.obj (symbol from plugin) (gatt_server_send_attribute_value_event)
D:\VanNgocThien\TailieuKhoaluantotnghiep\codeproject\New folder\displaymucpin\protocol\bluetooth\lib\EFR32XG13X\GCC\libbluetooth_mesh.a(gecko_bgapi_dfu.c.obj)
                              ./main.o (symbol from plugin) (gecko_bgapi_class_dfu_init)
D:\VanNgocThien\TailieuKhoaluantotnghiep\codeproject\New folder\displaymucpin\protocol\bluetooth\lib\EFR32XG13X\GCC\libbluetooth_mesh.a(gecko_bgapi_flash.c.obj)
                              ./main.o (symbol from plugin) (gecko_bgapi_class_flash_init)
[...]
Memory Configuration

Name             Origin             Length             Attributes
FLASH_BOOTLOADER 0x0fe10000         0x00004000         xr
FLASH            0x00000000         0x00080000         xr
RAM              0x20000000         0x00010000         xrw
*default*        0x00000000         0xffffffff

Linker script and memory map

LOAD d:/vanngocthien/tailieukhoaluantotnghiep/siliconlabs/simplicitystudio/v4/developer/toolchains/gnu_arm/7.2_2017q4/bin/../lib/gcc/arm-none-eabi/7.2.1/thumb/v7e-m/fpv4-sp/softfp/crti.o
LOAD d:/vanngocthien/tailieukhoaluantotnghiep/siliconlabs/simplicitystudio/v4/developer/toolchains/gnu_arm/7.2_2017q4/bin/../lib/gcc/arm-none-eabi/7.2.1/thumb/v7e-m/fpv4-sp/softfp/crtbegin.o
LOAD d:/vanngocthien/tailieukhoaluantotnghiep/siliconlabs/simplicitystudio/v4/developer/toolchains/gnu_arm/7.2_2017q4/bin/../lib/gcc/arm-none-eabi/7.2.1/../../../../arm-none-eabi/lib/thumb/v7e-m/fpv4-sp/softfp/crt0.o
START GROUP
LOAD C:\Users\NGOCPH~1\AppData\Local\Temp\ccM4aboU.ltrans0.ltrans.o
LOAD C:\Users\NGOCPH~1\AppData\Local\Temp\ccM4aboU.ltrans1.ltrans.o
LOAD C:\Users\NGOCPH~1\AppData\Local\Temp\ccM4aboU.ltrans2.ltrans.o
LOAD C:\Users\NGOCPH~1\AppData\Local\Temp\ccM4aboU.ltrans3.ltrans.o
LOAD C:\Users\NGOCPH~1\AppData\Local\Temp\ccM4aboU.ltrans4.ltrans.o
LOAD C:\Users\NGOCPH~1\AppData\Local\Temp\ccM4aboU.ltrans5.ltrans.o
LOAD D:\VanNgocThien\TailieuKhoaluantotnghiep\codeproject\New folder\displaymucpin\protocol\bluetooth\lib\EFR32XG13X\GCC\libcoex.a
LOAD D:\VanNgocThien\TailieuKhoaluantotnghiep\codeproject\New folder\displaymucpin\protocol\bluetooth\lib\EFR32XG13X\GCC\libpsstore.a
LOAD D:\VanNgocThien\TailieuKhoaluantotnghiep\codeproject\New folder\displaymucpin\protocol\bluetooth\lib\EFR32XG13X\GCC\binapploader.o
LOAD D:\VanNgocThien\TailieuKhoaluantotnghiep\codeproject\New folder\displaymucpin\protocol\bluetooth\lib\EFR32XG13X\GCC\libbluetooth_mesh.a
LOAD d:/vanngocthien/tailieukhoaluantotnghiep/siliconlabs/simplicitystudio/v4/developer/toolchains/gnu_arm/7.2_2017q4/bin/../lib/gcc/arm-none-eabi/7.2.1/../../../../arm-none-eabi/lib/thumb/v7e-m/fpv4-sp/softfp\libm.a
END GROUP
START GROUP
LOAD d:/vanngocthien/tailieukhoaluantotnghiep/siliconlabs/simplicitystudio/v4/developer/toolchains/gnu_arm/7.2_2017q4/bin/../lib/gcc/arm-none-eabi/7.2.1/thumb/v7e-m/fpv4-sp/softfp\libgcc.a
LOAD d:/vanngocthien/tailieukhoaluantotnghiep/siliconlabs/simplicitystudio/v4/developer/toolchains/gnu_arm/7.2_2017q4/bin/../lib/gcc/arm-none-eabi/7.2.1/../../../../arm-none-eabi/lib/thumb/v7e-m/fpv4-sp/softfp\libc_nano.a
LOAD d:/vanngocthien/tailieukhoaluantotnghiep/siliconlabs/simplicitystudio/v4/developer/toolchains/gnu_arm/7.2_2017q4/bin/../lib/gcc/arm-none-eabi/7.2.1/../../../../arm-none-eabi/lib/thumb/v7e-m/fpv4-sp/softfp\libnosys.a
END GROUP
START GROUP
LOAD d:/vanngocthien/tailieukhoaluantotnghiep/siliconlabs/simplicitystudio/v4/developer/toolchains/gnu_arm/7.2_2017q4/bin/../lib/gcc/arm-none-eabi/7.2.1/thumb/v7e-m/fpv4-sp/softfp\libgcc.a
LOAD d:/vanngocthien/tailieukhoaluantotnghiep/siliconlabs/simplicitystudio/v4/developer/toolchains/gnu_arm/7.2_2017q4/bin/../lib/gcc/arm-none-eabi/7.2.1/../../../../arm-none-eabi/lib/thumb/v7e-m/fpv4-sp/softfp\libg_nano.a
LOAD d:/vanngocthien/tailieukhoaluantotnghiep/siliconlabs/simplicitystudio/v4/developer/toolchains/gnu_arm/7.2_2017q4/bin/../lib/gcc/arm-none-eabi/7.2.1/../../../../arm-none-eabi/lib/thumb/v7e-m/fpv4-sp/softfp\libc_nano.a
END GROUP
START GROUP
LOAD d:/vanngocthien/tailieukhoaluantotnghiep/siliconlabs/simplicitystudio/v4/developer/toolchains/gnu_arm/7.2_2017q4/bin/../lib/gcc/arm-none-eabi/7.2.1/thumb/v7e-m/fpv4-sp/softfp\libgcc.a
LOAD d:/vanngocthien/tailieukhoaluantotnghiep/siliconlabs/simplicitystudio/v4/developer/toolchains/gnu_arm/7.2_2017q4/bin/../lib/gcc/arm-none-eabi/7.2.1/../../../../arm-none-eabi/lib/thumb/v7e-m/fpv4-sp/softfp\libc_nano.a
END GROUP
LOAD d:/vanngocthien/tailieukhoaluantotnghiep/siliconlabs/simplicitystudio/v4/developer/toolchains/gnu_arm/7.2_2017q4/bin/../lib/gcc/arm-none-eabi/7.2.1/thumb/v7e-m/fpv4-sp/softfp/crtend.o
LOAD d:/vanngocthien/tailieukhoaluantotnghiep/siliconlabs/simplicitystudio/v4/developer/toolchains/gnu_arm/7.2_2017q4/bin/../lib/gcc/arm-none-eabi/7.2.1/thumb/v7e-m/fpv4-sp/softfp/crtn.o

.text_bootloader
                0x0fe10000        0x0
 *(.binbootloader*)
                0x0fe10000                . = ALIGN (0x4000)

.text_apploader
                0x00000000     0xa7c0
 *(.binapploader*)
 .binapploader  0x00000000     0xa7c0 D:\VanNgocThien\TailieuKhoaluantotnghiep\codeproject\New folder\displaymucpin\protocol\bluetooth\lib\EFR32XG13X\GCC\binapploader.o

.text_signature
                0x0000a7c0       0x40
                0x0000a800                . = ALIGN (0x800)
 *fill*         0x0000a7c0       0x40 
                0x0000a800                __text_start__ = .

.text_application
                0x0000a800    0x2b14c
 *(.vectors)
 .vectors       0x0000a800       0xfc C:\Users\NGOCPH~1\AppData\Local\Temp\ccM4aboU.ltrans0.ltrans.o
                0x0000a800                __Vectors
                0x0000a8fc                __Vectors_End = .
                0x000000fc                __Vectors_Size = (__Vectors_End - __Vectors)
                0x0000a8fc                __end__ = .
 *(.application_properties)
 .application_properties
                0x0000a8fc       0x40 C:\Users\NGOCPH~1\AppData\Local\Temp\ccM4aboU.ltrans0.ltrans.o
                0x0000a8fc                bg_application_properties
 *(.gecko_configuration)
 *(.xo_configuration)
 *(.gatt_header)
 .gatt_header   0x0000a93c       0x34 C:\Users\NGOCPH~1\AppData\Local\Temp\ccM4aboU.ltrans2.ltrans.o
                0x0000a93c                bg_gattdb_data
 *(.gatt_data)
 .gatt_data     0x0000a970      0x322 C:\Users\NGOCPH~1\AppData\Local\Temp\ccM4aboU.ltrans2.ltrans.o
                0x0000a970                bg_gattdb_data_attributes_map
                0x0000ab20                bg_gattdb_data_attribute_field_35
                0x0000ab28                bg_gattdb_data_attribute_field_34
                0x0000ab30                bg_gattdb_data_attribute_field_33
                0x0000ab38                bg_gattdb_data_attribute_field_32
                0x0000ab40                bg_gattdb_data_attribute_field_31
                0x0000ab44                bg_gattdb_data_attribute_field_30
                0x0000ab4c                bg_gattdb_data_attribute_field_29
                0x0000ab62                bg_gattdb_data_attribute_field_28
                0x0000ab74                bg_gattdb_data_attribute_field_26
                0x0000ab7c                bg_gattdb_data_attribute_field_25
                0x0000ab84                bg_gattdb_data_attribute_field_24
                0x0000ab8c                bg_gattdb_data_attribute_field_23
                0x0000ab94                bg_gattdb_data_attribute_field_22
                0x0000ab98                bg_gattdb_data_attribute_field_20
                0x0000aba0                bg_gattdb_data_attribute_field_19
                0x0000aba8                bg_gattdb_data_attribute_field_18
                0x0000abb0                bg_gattdb_data_attribute_field_17
                0x0000abb8                bg_gattdb_data_attribute_field_16
                0x0000abbc                bg_gattdb_data_attribute_field_15
                0x0000abca                bg_gattdb_data_attribute_field_14
                0x0000abd2                bg_gattdb_data_attribute_field_13
                0x0000abd6                bg_gattdb_data_attribute_field_12
                0x0000abda                bg_gattdb_data_attribute_field_11
                0x0000abe4                bg_gattdb_data_attribute_field_10
                0x0000abec                bg_gattdb_data_attribute_field_9
                0x0000abf4                bg_gattdb_data_attribute_field_8
                0x0000abf8                bg_gattdb_data_attribute_field_7
                0x0000ac00                bg_gattdb_data_attribute_field_6
                0x0000ac08                bg_gattdb_data_attribute_field_5
                0x0000ac10                bg_gattdb_data_attribute_field_4
                0x0000ac18                bg_gattdb_data_attribute_field_2
                0x0000ac20                bg_gattdb_data_attribute_field_1
                0x0000ac28                bg_gattdb_data_attribute_field_0
                0x0000ac2c                bg_gattdb_data_adv_uuid128_map
                0x0000ac2d                bg_gattdb_data_adv_uuid16_map
                0x0000ac2e                bg_gattdb_data_attributes_dynamic_mapping_map
                0x0000ac46                bg_gattdb_data_uuidtable_128_map
                0x0000ac66                bg_gattdb_data_uuidtable_16_map
 *(.text*)
 *fill*         0x0000ac92        0x2 
 .text          0x0000ac94       0x40 d:/vanngocthien/tailieukhoaluantotnghiep/siliconlabs/simplicitystudio/v4/developer/toolchains/gnu_arm/7.2_2017q4/bin/../lib/gcc/arm-none-eabi/7.2.1/thumb/v7e-m/fpv4-sp/softfp/crtbegin.o
 .text          0x0000acd4       0x74 d:/vanngocthien/tailieukhoaluantotnghiep/siliconlabs/simplicitystudio/v4/developer/toolchains/gnu_arm/7.2_2017q4/bin/../lib/gcc/arm-none-eabi/7.2.1/../../../../arm-none-eabi/lib/thumb/v7e-m/fpv4-sp/softfp/crt0.o
                0x0000acd4                _mainCRTStartup
                0x0000acd4                _start
 .text          0x0000ad48     0x5c80 C:\Users\NGOCPH~1\AppData\Local\Temp\ccM4aboU.ltrans0.ltrans.o
                0x0000b0f8                gecko_init_alloc
                0x0000b874                Reset_Handler
                0x0000b8b4                CORE_EnterCritical
                0x0000b8bc                hci_increase_token
                0x0000b8ce                handle_bgapi_output.lto_priv.433
                0x0000b948                sli_bt_cmd_handler_delegate
                0x0000b9c4                gatt_db_find_attribute_by_type
                0x0000b9fc                gatt_db_get_16bit_char_handle
                0x0000ba22                gatt_db_get_data
                0x0000bc94                gatt_db_get_char_properties
                0x0000bcd8                send_notification.lto_priv.434
                0x0000be30                gatt_get_next_connection
                0x0000be58                gatt_get_connection
                0x0000be64                gatt_start_procedure
                0x0000be90                send_gatt_mtu_exchanged_event
                0x0000bebc                gap_set_advertising_timeout.part.6
                0x0000bf28                check_private_address_and_timer
                0x0000bfec                bondingdb_find_by_data.part.2
                0x0000c044                ubt_sm_get_bond_data
                0x0000c074                bondingdb_is_bonded
                0x0000c094                ubt_sm_set_bond_data
                0x0000c1bc                handle_database_changed.part.4.lto_priv.369
                0x0000c238                ubt_sm_delete_bonding
                0x0000c314                ubt_sm_alloc_bond
                0x0000c3fc                gecko_stack_update_callback
                0x0000c40c                bgbuf_chain_add
                0x0000c420                bgbuf_chain_len
                0x0000c434                gap_adv_update
                0x0000c6b8                bgbuf_prepend_no_alloc
                0x0000c6fa                bgbuf_chain_pop_packet
                0x0000c720                bgbuf_append_data
                0x0000c744                header_invalid
                0x0000c762                crc32_calc.lto_priv.366
                0x0000c790                find_obj
                0x0000c7ec                flash_write_u32.lto_priv.365
                0x0000c8b4                DMD_writeColor.part.2
                0x0000ca1c                DMD_setClippingArea
                0x0000cba4                SYSTEM_ChipRevisionGet
                0x0000cbd8                MSC_Deinit
                0x0000cbec                MSC_Init
                0x0000cc3c                GPIO_PinModeSet
                0x0000ccac                EMU_DCDCLnRcoBandSet
                0x0000ccd4                CORE_EnterAtomic
                0x0000ccdc                CORE_ExitCritical
                0x0000cce2                hci_send_command
                0x0000cd1c                hci_state_listener_init
                0x0000cd42                gap_scan_update
                0x0000ce48                bgbuf_free
                0x0000cec0                hci_state_listener_init_default_data_length
                0x0000cf30                bgbuf_chain_defragment
                0x0000cfbc                bgbuf_chain_drop_end
                0x0000cffe                bgbuf_chain_drop
                0x0000d02a                bgbuf_chain_free
                0x0000d600                bgapi_ubt_listener
                0x0000d9c8                bgbuf_alloc_int.lto_priv.367
                0x0000da74                bgbuf_chain_append_data
                0x0000dd54                bgbuf_clone
                0x0000ddc6                bgbuf_alloc_copy_data
                0x0000ddf0                ubt_gap_set_adv_data
                0x0000dec0                bgbuf_alloc
                0x0000decc                gap_start_advertising.part.22
                0x0000e51c                gap_listener
                0x0000e6e4                bgbuf_prepend
                0x0000e70e                hci_state_listener_idle
                0x0000fb60                CORE_ExitAtomic
                0x0000fb64                CMU_OscillatorEnable
                0x0000fcd8                SystemHFXOClockGet
                0x0000fce4                CMU_ClockSelectGet
                0x0000fdac                CMU_ClockEnable
                0x0000fe78                SystemULFRCOClockGet
                0x0000fe7e                SystemLFXOClockGet
                0x0000fe88                SystemLFRCOClockGet
                0x0000fe8e                SystemHFClockGet
                0x0001000c                CMU_ClockFreqGet
                0x0001018c                CMU_ClockSelectSet
                0x0001089e                _write
                0x000108dc                _sbrk
                0x00010900                _read
                0x00010990                _lseek
                0x00010994                _isatty
                0x00010998                _fstat
                0x000109a2                _exit
                0x000109a4                _close
                0x000109a8                DISPLAY_Init.part.0
 .text.startup  0x000109c8     0x12c8 C:\Users\NGOCPH~1\AppData\Local\Temp\ccM4aboU.ltrans0.ltrans.o
                0x000109c8                main
 .text          0x00011c90     0x5bf8 C:\Users\NGOCPH~1\AppData\Local\Temp\ccM4aboU.ltrans1.ltrans.o
                0x00011dc4                s225549bb2e862ca64241f5351b5310fd3a3b35d512e2413cc7ad2efb33972366.lto_priv.487
                0x00011f20                s410cb61ce1a5a78531d16e8edcb0a7dcc3644269a2ef2adab0c27624bfee4770.lto_priv.482
                0x000127fc                s6e5fbeff1f0deb9ace00bdaada160f4315105234229bcf9f204341270b3ecf12
                0x00012c38                s6b6995592e714f70627259c50aae0ad75863f03f9a426553d36d775f09085b2a
                0x00012ce4                s0523b2cc4d5f6ec4a1668183e30718a06254a9dbeaa2082c9abf54d911baeeae.lto_priv.331
                0x00012d10                scc9e87d3d056ad7c1146e38d6033bac699f64941689138557ecba84f6b098d4f.lto_priv.501
                0x00012d30                sf4e1f4029eafc9140f2e26a46c7627f8f4aebf82e569341cad06195baab0c797.lto_priv.481
                0x00012d84                sf87a8c9ab1fdb073b2bf738e7aff915dcd29f839a80745adfd61dd74ab7ff55a.lto_priv.437.lto_priv.519
                0x00012d84                sf87a8c9ab1fdb073b2bf738e7aff915dcd29f839a80745adfd61dd74ab7ff55a.lto_priv.440.lto_priv.509
                0x00012e28                s5a82e4ae155864819c48014a5f1cdbf110e550c4a848a70f16f423b7af1ac2c0
                0x00013046                sf438635705fae08f11f69b75b54058f9aa7e1cd32c8fbc344fe359dbaa336ce1
                0x000130cc                s8fddeb937c7ec8e33ba88b6f78c24a892807e18ae0133626c5392edb7a11688f
                0x00013230                sc842577d64255df02636e626b6f675b99986452c678f1cfbcc5e05d62cf93b67
                0x000132fc                bgbuf_chain_links.lto_priv.442.lto_priv.518
                0x000132fc                bgbuf_chain_links.lto_priv.443.lto_priv.601
                0x000132fc                bgbuf_chain_links.lto_priv.445.lto_priv.508
                0x0001330c                s26a575765562909e2f5809ecbace0370fd04c41246fec9ceed1d067b45c5e857.lto_priv.507
                0x00013508                s50a3236c2a28692395906e44e50668351677c6d8f43fa431a14111147177b09d
                0x0001376a                sb2d4e8098823ce7bbafcae1df56125d3002fe2342dca366e47abd8cee1c3c152
                0x00013790                bgbuf_copy_to
                0x00013790                s4ce168b33dacb6db6d17df6b1fa838db0fb5b05e18e04474530b7d5abfca40df
                0x00013b64                swapl.lto_priv.373.lto_priv.385
                0x00013b64                swapl.lto_priv.374.lto_priv.375
                0x00013bfe                s200ab558fa4187efbb1903c3c08affcfa239ab811e8abbd7c2fdd6f243cc642e.isra.8.lto_priv.504
                0x00013c00                s6c7a31fd2ef1bff506ef22f8e0f851cd98503121e36594f7129ccac4126027f6.isra.7.lto_priv.502
                0x00013c02                sf669e3fc0802a3a626695488e814c2e91c603f4aa83e0c2bcce559c6ab340850.lto_priv.384
                0x00013c22                s38e94498e99c9695c72d85e40c56a9133c6202efbeea3205238698310c81ef3d
                0x00013c54                s00da3b6a5d79efb5f478880b0ca2fcdb2a7f91ca6fdf71b9f53b9fc46a67d889.lto_priv.505
                0x00013c8c                s50b48700a2480bf71bb75263b65db09acf154584fedcceae8718b8336af2eced.lto_priv.448.lto_priv.517
                0x00013c8c                s50b48700a2480bf71bb75263b65db09acf154584fedcceae8718b8336af2eced.lto_priv.450.lto_priv.495
                0x00013c96                s3f5e4ff934c66e0d5ccd991d34e29dc5c3cbf29ba4ab9606d2c1875d05ee172a.lto_priv.498
                0x00013cd4                s59001be368a1c397eef3c0721c8b99c3a070f4043be0594e26b01bcb7610b3c3.lto_priv.378
                0x00013dfc                sf08c055da9a83f273bc31b704eaffd3176766f53c1b5758ca8b5ead1a3a7dcdd.lto_priv.497
                0x00014028                s140fd61935584e1b3bbe7b0ea6ec9ee10e19b4177354029034d641fb479ebdc8.lto_priv.492
                0x00014050                s64fcff2215d5fc2365bc0dcbf5fafdfe530a3d2935562c4e31b9d3c36fa90851.lto_priv.491
                0x000140cc                s46460fef15efbc50fe73f332d43dadce0296ba641cc7d3e450b125af69313a6f.lto_priv.490
                0x0001429c                sb209902d21fa1dc37337f19f577d0794a44c25b65a5187a11b34959006b2235e.lto_priv.489
                0x000142cc                sdcd17f6d232932fcc3ec2fcb25a188f5be772f89f70d9d89a8b837336ef2b54c.lto_priv.488
                0x00014300                s29bdf2726eb4f0bc36f43abff4b58e31b59bb4d15930835ec552025cdc7afdf5.isra.2.lto_priv.377
                0x00014302                s4becd0940c8fd19cdc45fd572c750c8963d33411e8a0df44db1f38dcb56d9c79
                0x0001435c                s39a398b82ad120d1c9a6acfe37a8308a0cfab65aaf3a50cdea20ebb069aa9138.lto_priv.506
                0x0001457a                s29c8e8b040bf8ef80f84545f624dc9d1176560d480146e616a48302af64ff3aa.part.0
                0x000146d0                sf8cf82bc5777072076ecf4f6ba777d10f4e345cf44a4126a3e12c8b0f9b45034.lto_priv.605
                0x00014768                sd05346dcad66673668ef95c2e9e687e4c989d2afdb46d1160abf33218b68a6b3
                0x000148d8                s890722f734cc6e220ad340183f31288251c2fddc51b0299f53ca12ef7c49458d.lto_priv.372
                0x00014954                sef3c2ce37fdeca27411cc3ee337e5747585b69acdf78cfa5102562bbb2eacc6b.lto_priv.329
                0x000149e4                s37aa3770fc72ecd4d58328301d2dfa713d3f7505ef8a2a3a86b57beb673c7ac2.lto_priv.371
                0x00014aa8                s5caff4ef8339f9d51723344bd88e7430a57c5d07bfd48ff34112ea67ae988d93
                0x00014af0                s5444647fcad273977f0fd90641dd3de20d8e5ff0d2c3670094f3e65c1c6dd264
                0x00014b2c                sd9b216b25bd6ad9be5711974e9236eacae31e29206c88bd59a4ec2104df6acb3
                0x00014b68                sdf67f2f83f5b4b1c797076e28c673ac24029f70065c33442677cb2eb73fd9e76.lto_priv.383
                0x00014b98                s497ed79812e427dadea717ad3925a9fc1ee52d493890ffeeb9d8bc91ac7aa2ec
                0x00014bc2                s98b87875633336871edaf7a952966327506d33983251a6ec86829edd98007743
                0x00014f1c                sd5c0f1a5a4ba738f76c0c9683ff54bfc5881906a3af0b66efa0a6e284f4a4c76
                0x00014f48                s6946ccbbfd1079d3fa276f238208a8e61ce56a4bb0bd33e4d39e792ae1b15b51
                0x00014f70                s1333f82062226565bc809c27c6211d8df409b9b35344a8c0ddcdfb9b5a62d619.isra.22.lto_priv.503
                0x00015414                s574315ddca5b08f1cbdf017a36915e9a002efbd3f771159c4d378fb114dab429.lto_priv.500
                0x00015648                s5660acac48d082e0d13bf13905e083c5b121e49cc3068c0591afa1ba49df087c.lto_priv.499
                0x0001569c                s751053a2c34e3bdec6532f80efe52ce63a1c56da6be54421030f2e135d23dcbb.lto_priv.376
                0x00015710                sc41cfa6d1250b7530b71c2b7060ee74b1688c9cf7e544f4513092fef792cb7e7.lto_priv.386
                0x00015988                s70de8345df28791c7f7b49b0e9d182bc8b224eb99d904f1955f77845adb379c8.lto_priv.496
                0x00016c8c                se7c1d3218b4e28b2882068b7641d4d164d4ee48a30220a7edf9266f814dfaf22
                0x00016f70                s0c995650a6396cc067e521d3886ea05e7d58567168fd15904d7434d59bf780e8.lto_priv.330
 .text          0x00017888     0x5ac0 C:\Users\NGOCPH~1\AppData\Local\Temp\ccM4aboU.ltrans2.ltrans.o
                0x00017888                s824b146d5439c2a7fe1a99c7731957d540fb8cebfb7da9f568b4811e910a64a3
                0x00017894                s422c847fe79f2e86475886479c0011edcacdc755a2c3fb036c83697ba7c378a5
                0x000178c0                s2defa31890622d5511e7fd6621deea45760161dfbeff16231220037fff0505ea
                0x00017b70                sfcb4c840d56382374bff9fe67175d4fd17a089e1dbe25ed3ca1648a357e5073d
                0x00017b8c                sf219c1dadaf3053983ea1ca17b942ee843de224bffe5461fddbb927311dd1855
                0x00017c8c                s2ecfb6d19490992fc8f476a4f5e2906aada1cf24107e72857c673033a0cc38dc.lto_priv.580
                0x00017e14                s41686d5852702da585b762fa49856a978f171a3f4504bcebde823643d3559741
                0x00018178                ccm_aes_setkey_wrap.lto_priv.362
                0x0001817c                bgapi_test_lib_msg_handler
                0x000181d8                bgapi_system_listener
                0x00018208                bgapi_gatt_listener
                0x00018520                sli_bt_cmd_gatt_server_send_characteristic_notification
                0x000185e4                sli_bt_cmd_gatt_discover_characteristics
                0x00018650                sli_bt_cmd_le_gap_start_discovery
                0x000186f4                sli_bt_cmd_le_gap_end_procedure
                0x00018740                sli_bt_cmd_le_gap_start_advertising
                0x0001878c                sli_bt_cmd_le_gap_set_advertise_timing
                0x00018824                sli_bt_cmd_le_gap_bt5_set_adv_data
                0x0001889c                sa19dedf6be0c5db3eb49e840f95d79c62a747659ceca93559bc867c8702d07bd
                0x000189b0                s6d1c05b8dc8455339d7cb0274c63608f2af0a49ea61844c3acfd6b7a8e32d3e9.lto_priv.606
                0x00018a28                s574514dd4e8aedac2188bfb983d989eb95121467fd59e6f7298b912f6b8afdd1
                0x00018a4c                timer_get_time
                0x00018a78                ll_linkGetWindowWidening
                0x00018ad0                ll_connEncDataToBuffer
                0x00018af8                ll_connEncBufferToData
                0x00018b24                ll_connValidateParams
                0x00018b5e                ll_connUpdateMaxPacketLengths
                0x00018bd0                ll_connGetHandleByConn
                0x00018c00                ll_connGetByHandle
                0x00018c2c                bg_bit_clr_exclusive.lto_priv.394.lto_priv.534
                0x00018c2c                bg_bit_clr_exclusive.lto_priv.396.lto_priv.535
                0x00018c2c                bg_bit_clr_exclusive.lto_priv.393.lto_priv.538
                0x00018c2c                bg_bit_clr_exclusive.lto_priv.397.lto_priv.532
                0x00018c2c                bg_bit_clr_exclusive.lto_priv.395.lto_priv.540
                0x00018c3e                bg_bit_set_exclusive.lto_priv.399.lto_priv.543
                0x00018c3e                bg_bit_set_exclusive.lto_priv.402.lto_priv.514
                0x00018c3e                bg_bit_set_exclusive.lto_priv.398.lto_priv.523
                0x00018c3e                bg_bit_set_exclusive.lto_priv.404.lto_priv.533
                0x00018c3e                bg_bit_set_exclusive.lto_priv.400.lto_priv.542
                0x00018c3e                bg_bit_set_exclusive.lto_priv.401.lto_priv.516
                0x00018c4e                ll_connEncryptionConnectionInit
                0x00018c84                ll_connRaiseEvents
                0x00018ed4                bg_bit_clr_atomic.lto_priv.405.lto_priv.522
                0x00018ed4                bg_bit_clr_atomic.lto_priv.406.lto_priv.513
                0x00018eec                bg_bit_set_atomic.lto_priv.410.lto_priv.515
                0x00018eec                bg_bit_set_atomic.lto_priv.408.lto_priv.521
                0x00018eec                bg_bit_set_atomic.lto_priv.409.lto_priv.512
                0x000193a8                ll_channelmapUpdate
                0x00019426                ll_connInitNew
                0x00019614                ll_channelmapUsedChannels
                0x0001963c                ll_channelmapGetChannelMap
                0x00019654                ll_connUpdatedChannelClassification
                0x000196c0                ll_advExtUpdateChannelMap
                0x000196e0                ll_advGetByHandle
                0x00019728                abort_long_write.lto_priv.380
                0x00019746                free_params_data.lto_priv.379
                0x0001975c                set_change_awareness
                0x00019794                set_client_features
                0x000197f4                crypto_management_acquire_preemption
                0x00019970                crypto_management_release
                0x000199a4                CRYPTO_DataReadUnaligned.lto_priv.415.lto_priv.544
                0x000199a4                CRYPTO_DataReadUnaligned.lto_priv.416.lto_priv.536
                0x000199e2                CRYPTO_DataWriteUnaligned.lto_priv.417.lto_priv.545
                0x000199e2                CRYPTO_DataWriteUnaligned.lto_priv.418.lto_priv.537
                0x00019a26                mbedtls_aes_init.part.4
                0x00019a2e                mbedtls_aes_setkey_enc
                0x00019a6a                aes_setkey_enc_wrap.lto_priv.358
                0x00019a6c                mbedtls_cipher_update
                0x00019b10                mbedtls_cipher_cmac_update
                0x00019bd8                mbedtls_cipher_setup
                0x00019c0c                mbedtls_mpi_cmp_mpi
                0x00019c8c                mbedtls_mpi_cmp_int
                0x00019ca6                mbedtls_mpi_cmp_abs
                0x00019d08                mbedtls_mpi_bitlen
                0x00019d48                mbedtls_mpi_init
                0x00019d56                mbedtls_ecp_point_init.part.5
                0x00019d6e                swap_endianess
                0x00019d8c                bg_pool_free
                0x00019da4                bg_pool_alloc
                0x00019dc0                bg_message_call
                0x00019dee                bg_message_remove_receivers
                0x00019e24                bg_message_remove_receiver
                0x00019e5a                bg_message_enqueue_free_callback.lto_priv.368
                0x00019f10                bgapi_hardware_soft_timer_listener
                0x00019f64                bg_message_cancel_matching
                0x0001a008                bg_message_cancel
                0x0001a00e                sf1bf93e817d1316800bdce5548acca784ebd0ca96a8603824495ce439ac78e7f
                0x0001a050                s938eeb4f6e29b944d9ec68a077e689b9c5a20adfe978177a0bd16f5b1f274a65
                0x0001a090                s94483f2ec5bd9270dc578f3ca2818e47488d3437b2b1ab4e290ebb6d72404848.lto_priv.578
                0x0001a0a2                s31332b25607f7190e2ed446ffd72ecee23b8e265dd5b6f78eccbd6f99edbc663
                0x0001a158                bg_message_send_later.lto_priv.419.lto_priv.520
                0x0001a158                bg_message_send_later.lto_priv.421.lto_priv.510
                0x0001a158                bg_message_send_later.lto_priv.420.lto_priv.604
                0x0001a16e                bg_message_send
                0x0001a172                bgapi_sm_listener.lto_priv.582
                0x0001a24c                bg_malloc
                0x0001a26a                see4571bcb84525cece1480116f44a86c8fd0f01f728fd4beed6c072c9be21f68
                0x0001a3ea                end_procedure.lto_priv.381
                0x0001a426                gatt_handle_write_response
                0x0001a438                gatt_handle_execute_write_response
                0x0001a470                sli_bt_cmd_gatt_set_characteristic_notification
                0x0001a526                send_characteristic_value_event.lto_priv.382
                0x0001a59a                gatt_handle_read_multiple_response
                0x0001a5d6                bg_message_add_receiver
                0x0001a5fa                bg_zalloc
                0x0001a664                bg_event_allocate
                0x0001a690                att_buf_send
                0x0001a6ac                gatt_handle_exchange_mtu_rsp
                0x0001a6f4                att_send_pdu
                0x0001a700                att_alloc_pdu_copy_data
                0x0001a736                gatt_handle_read_by_group_type_response
                0x0001a7f2                gatt_handle_find_by_type_value_response
                0x0001a8a4                gatt_handle_find_information_response
                0x0001aa3e                sli_bt_cmd_gatt_write_characteristic_value_without_response
                0x0001aab0                sli_bt_cmd_gatt_discover_primary_services_by_uuid
                0x0001ab70                att_alloc_buf
                0x0001ab84                att_alloc_pdu
                0x0001ac20                gatt_handle_read_blob_response
                0x0001ac56                gatt_handle_read_response
                0x0001ad38                gatt_handle_read_by_type_response
                0x0001af54                att_send_execute_write_response
                0x0001af70                att_send_error_response
                0x0001af98                acl_find_by_index
                0x0001afb4                acl_find_by_hci_handle
                0x0001afd0                s5338e535e301caeb73fe3f3ab383bae6f8d1f32c0ab04403ad508c95c598f921.lto_priv.456
                0x0001afe0                s462a3d4b4ef9ccbaac000c67216a91cf6f854a9fb4faa0f274471aeebce31879.lto_priv.455
                0x0001b000                sa81f4a07dee6379b76adbb97736a31d62b29a1386798f42ec7c13e3560026f28.lto_priv.454
                0x0001b034                sl_free
                0x0001b04a                aes_ctx_free.lto_priv.361
                0x0001b05c                ccm_ctx_free.lto_priv.364
                0x0001b06c                mbedtls_mpi_free
                0x0001b098                mbedtls_ecp_point_free.part.8
                0x0001b0b2                sl_calloc
                0x0001b0ca                aes_ctx_alloc.lto_priv.360
                0x0001b0e0                ccm_ctx_alloc.lto_priv.363
                0x0001b0fa                mbedtls_mpi_grow
                0x0001b14e                mbedtls_mpi_lset
                0x0001b176                mbedtls_mpi_shift_r
                0x0001b1ea                mbedtls_mpi_read_binary
                0x0001b250                mbedtls_mpi_safe_cond_assign
                0x0001b2b8                mbedtls_mpi_copy
                0x0001b30c                mbedtls_ecp_copy
                0x0001b336                mbedtls_mpi_mul_mpi
                0x0001b938                mbedtls_mpi_sub_abs
                0x0001bac6                mbedtls_mpi_sub_mpi
                0x0001bb0c                mbedtls_mpi_add_mpi
                0x0001bb50                mbedtls_mpi_shrink
                0x0001bbc0                ll_connFree
                0x0001bc1c                ll_advTaskStopHandle
                0x0001c0b0                ll_advExtTaskHandlerWaitTx
                0x0001c2cc                ll_advTaskHandlerWaitTx
                0x0001c3f0                ll_connAlloc
                0x0001c450                ll_advUpdateMaxEventLength
                0x0001c550                crypto_management_release_preemption
                0x0001c9e4                ll_connSendData
                0x0001cbb4                ll_connEnableDataFlow
                0x0001cbcc                ll_connEncryptionFail
                0x0001cc1c                CRYPTO_KeyBufWriteUnaligned.lto_priv.413.lto_priv.546
                0x0001cc1c                CRYPTO_KeyBufWriteUnaligned.lto_priv.414.lto_priv.541
                0x0001cc68                ll_connEncryptionSetSessionKey
                0x0001cec0                aes_crypt_ctr_wrap.lto_priv.357
                0x0001cf08                aes_rand_update.lto_priv.607
                0x0001cf50                bg_random_get_data
                0x0001cfb0                mbedtls_aes_crypt_ecb
                0x0001d054                aes_crypt_ecb_wrap.lto_priv.356
                0x0001d056                aes_setkey_dec_wrap.lto_priv.359
                0x0001d168                mbedtls_cipher_cmac_finish
                0x0001d278                mbedtls_cipher_free
                0x0001d2a8                acl_release
 .text.unlikely
                0x0001d348       0x8e C:\Users\NGOCPH~1\AppData\Local\Temp\ccM4aboU.ltrans2.ltrans.o
                0x0001d348                mbedtls_mpi_shift_l
 *fill*         0x0001d3d6        0x2 
 .text          0x0001d3d8     0x5994 C:\Users\NGOCPH~1\AppData\Local\Temp\ccM4aboU.ltrans3.ltrans.o
                0x0001d3d8                s99aeaf21a18695971792157c012fee4f039eb9df03bd04444ceb05514285c900.lto_priv.452
                0x0001d3e4                s3f55b219ef8f9408e7e8158b17c03ac8053611970e0bf0edb1ee640d1bcc8783
                0x0001d3e8                s3e9901c900b7f1aaaf28ffad8f93555140cf6bfb106352417198125ce786dd09
                0x0001d414                s24587807ab773767b3e0feb844f60884e31f1b959e6ba38bf032023df874ec45.lto_priv.389
                0x0001d416                BG_PRORTC_IRQHandler
                0x0001d444                timer_get_counter
                0x0001d450                smp_listener
                0x0001d470                smp_state_handle.lto_priv.587
                0x0001d4a0                smp_l2cap_handle_impl.lto_priv.585
                0x0001d51c                ll_task_default_callback.lto_priv.594
                0x0001d52c                s43693b34aceecec42443da997930b182d488593babe69a3bfe368165e3c3538d.lto_priv.579
                0x0001d538                ubt_event_free
                0x0001d5a0                sc296235ecf9f4df39e554bbe312bdd76626df674d1a317486389e72910a8513b
                0x0001d658                smp_get_random_data.lto_priv.328
                0x0001d998                smp_message_listener.lto_priv.584
                0x0001d9d0                s752b7904d4220c49c2c5eed01410e77b043adefacdc42c8e6e286fd40d64e158.lto_priv.472
                0x0001da28                sfbbe00a8fe1fc67332b8c39eacbc5c5934a20baca0d375e9873cf0565ba88c3b.lto_priv.453
                0x0001da64                s9d9169d4e274d2f8fa94ba70a2ec2f5efa7dfae3fe27309614981cf17c3e6791
                0x0001dacc                s610d43a7a11ad5f3acebf0c8cf2e1e80c15c800891748c506ee84636374218be
                0x0001dbbc                saf2c1636fd72b7dfa0febb7bbd6aa0a42b7080e18f5f6e5285e7b6ac4456063f
                0x0001dc08                sc79aa6903911d56d95ff8463d85aa3d7e2a1504bb2af8d75d4b3b7f08e2ed00b
                0x0001dc48                s1e71d6cf955b8086bad18871253926b6262339ca629529feb4950ed6da068835
                0x0001dfec                s5d29851869b088e7a8ce6d743db570387a13a9fb15a32a0cafba46c0c700a051
                0x0001e004                s842503091d0767ecfd797c25b918bd67bbd8e0fd98b034a1c66cd59f75893674
                0x0001e05c                s1f741ef271c406c2b6176d28adf74111b0b1828446dcf7bede77024cf2c15146
                0x0001e0f0                s6865671ee73b0b258ae810e48141872291ee7f5827bf1e785c087e6ad7d4479a.lto_priv.475
                0x0001e14c                s8ad39796e8d84522948aecf4c39d777396dde93ed7808c8ab2bd81d83944c125.lto_priv.476
                0x0001e19a                sac8dfec4b3e789e3b1dbf6a7c684ed4a877891dbce24a046b44dc379502035b1
                0x0001e58c                uuid_to_handle
                0x0001e5f0                smp_alloc_bgbuf.lto_priv.602
                0x0001e6ac                smp_ah
                0x0001e6f4                sm_pairing_failed
                0x0002122a                smp_ltk_request_handle_impl.lto_priv.588
                0x000212d0                usch_SendEvent
                0x000212e0                usch_RemoveTask
                0x00021310                task_fail.lto_priv.539
                0x00021318                add_task.lto_priv.424
                0x00021378                ecode2bg
                0x000213b8                ubt_pskey_read_callback
                0x000213f0                ubt_pskey_write_callback
                0x00021406                s73ad0f13187f85f156aacfb69f7f42b6637b0954188e2cee312f0ebe6eeac405
                0x00021438                nvm3_deleteObjects
                0x00021574                ll_to_hci_event_handler.lto_priv.596
                0x00021658                sd2de66e6b27ee3d5359e0d249b4ba2be55d072db3e576b4ae097b8181cab4e86
                0x00022bbc                usch_Schedule
                0x00022d00                BTLE_LLToHCIEventSAP
                0x00022d50                BTLE_LL_EventRaise
 *fill*         0x00022d6c        0x4 
 .text          0x00022d70     0x4d7c C:\Users\NGOCPH~1\AppData\Local\Temp\ccM4aboU.ltrans4.ltrans.o
                0x00022e64                ll_radioTimerExpired.lto_priv.485
                0x00022f58                bg_pre_sleep
                0x00022f5a                bg_post_wakeup
                0x00022f5c                ll_hciCmdLeReadPhy
                0x0002317e                ll_bgbuf_callback.lto_priv.595
                0x0002342c                ll_hciCmdSetAdvertisingSetRandomAddress
                0x0002346c                ll_hciCmdSetExtendedScanResponseData
                0x000234a8                ll_hciCmdSetExtendedAdvertisingData
                0x000234e4                ll_radioGetMaxTxPower
                0x000234fc                ll_hciCmdSetExtendedAdvertisingParameters
                0x000236f4                ll_radioLoadPacket
                0x00023740                ll_radioGetPacketTimeWithPhy
                0x00023764                ll_radioRandom
                0x00023788                ll_randomInit
                0x000237a8                ll_radioReadRxPacketDetails
                0x00023800                ll_radioReadRxPacket
                0x0002390c                ll_hciCall
                0x0002392c                hci_command_shared_response
                0x0002393c                hci_command_init_shared
                0x00023964                hci_command_alloc
                0x00023992                hci_le_ltk_reply
                0x000239e2                hci_le_start_encryption
                0x00023a34                hci_le_set_ext_scan_enable
                0x00023a68                hci_le_set_extended_advertising_enable
                0x00023aa4                hci_state_listener
                0x00023b70                ll_radioSetMaxTxPower
                0x00023bf0                ll_radioSetRfPathCompensation
                0x00023c14                ll_radioInit
                0x00023d58                ll_startOrQueueProcedure
                0x00024024                hci_send_acl
                0x00024118                l2cap_send_update_parameters_response.lto_priv.603
                0x00024160                l2cap_message_handler
                0x0002419c                l2cap_send_fixed_channel
                0x00024aec                ll_llcpUpdateChannelMap_sender.lto_priv.392
                0x00024e98                ll_radioRxAfterTx
                0x00024ef8                ll_radioTxAfterRx
                0x0002540e                ll_radioTxSchedule
                0x00025460                ll_radioTxStart
                0x00025498                ll_radioStop
                0x00025700                ll_radioRxSchedule
                0x000257e8                ll_radioConfigureChannel
                0x00025eca                ll_scanTaskPrimaryHandler
                0x000261d0                gecko_priority_handle
                0x00027a8c                ll_randomAesCtrEncrypt.lto_priv.370
 .text          0x00027aec     0x3d7c C:\Users\NGOCPH~1\AppData\Local\Temp\ccM4aboU.ltrans5.ltrans.o
                0x000285d8                graphPrintCenter.constprop.310
                0x0002878c                LCD_init.constprop.297
                0x00028908                USART_InitSync.constprop.291
                0x000289cc                gecko_register_bgapi_library.constprop.277
                0x00028a08                bgbuf_alloc_size.constprop.250
                0x00028a1c                bg_message_enqueue.constprop.243
                0x00028a3c                mbedtls_cipher_info_from_type.constprop.235
                0x00028a44                bg_pool_init_pool.constprop.232
                0x00028ac0                hci_command_init_shared_bgbuf.constprop.202
                0x00028b14                gatt_set_enabled_caps.constprop.186
                0x00028b6c                l2cap_send_command_reject.constprop.184
                0x00028bb4                ll_randomGetData.constprop.164
                0x00028c24                mbedtls_ecp_check_pubkey.constprop.140
                0x00028ddc                mbedtls_mpi_write_binary.constprop.139
                0x00028e22                _mesh_foundation_send_byte_array_impl.constprop.99
                0x00028eb2                mbedtls_ccm_setkey.constprop.93
                0x00028f08                s6c3b3ca83244daa94fd136a32a74bb5fe520c08aa7954bd2a76fb38b76e936e6.constprop.86
                0x00028f58                s1f9cc93c9d91eafca0d524bd3cb872a848170a1207cca5b17eaa4308a2cf70b6.constprop.85
                0x00028f7a                ubt_gap_set_le_mode.constprop.75
                0x00028fe8                s8d74371adb17fbdac9bce8233892a839a73e78a6ebb610125211776d9ed3285c.constprop.71
                0x00029054                s263e8958ba4de096a2990f5373080593d7aa7b4de4495b782857989d043d52ee.constprop.68
                0x000290a8                sda88747ce71e0f2ebe03521e26e18dd436859f9ff2302c798215d62347fa268f.constprop.67
                0x000290f0                sb04b4d59664511b0206a5a207c07b6a2514b2e8e1a258d1b674b1f0ec66ee256.constprop.61
                0x00029274                s797d13f6522ed4021fd8b9aff00ea58b710641dc0ba935ad0792914eb4a3786a.constprop.52
                0x0002931a                sbb59366041ced122adaa3b49d8b9e779d0585526dbec9f18825fde29440473af.constprop.49
                0x00029374                s8cffc18d1ba2d5648e23fd20602d0a47c0f9fbd3956ea089f901877875dc01a7.constprop.48
                0x000293b8                se6e665f81a62a6be91ed771606a508ac8f4c58477adb212f6134c08980df3c73.constprop.41
                0x000293e8                s6f5bc960607636b0cf45d0429845a7a0be4ee27f3495b740557fec8ccb2a05bf.constprop.34
                0x000294bc                sb64ab31dccbabdcb390a1efc514f2bb935da5f769319fe6c6c4da2c9376613f4.constprop.33
                0x00029520                alloc_params_data.constprop.11
                0x0002954a                att_send_read_by_type_request.constprop.10
                0x00029574                sa898c2d88db1683264f7fac15f0b86841b67723e76e088b600e90159d6e32d30.constprop.0
                0x00029590                CRYPTO_InstructionSequenceWait.lto_priv.332.lto_priv.427
                0x00029598                CRYPTO_DDataRead.lto_priv.338.lto_priv.429
                0x000295bc                CRYPTO_DData0Read260.lto_priv.336.lto_priv.428
                0x000295d2                CRYPTO_DDataWrite.lto_priv.341.lto_priv.425
                0x000295d2                CRYPTO_DDataWrite.lto_priv.340.lto_priv.430
                0x000295f6                CRYPTO_DData0Write260.lto_priv.334.lto_priv.426
                0x0002960e                zeroize
                0x0002960e                mbedtls_zeroize.lto_priv.344.lto_priv.432
                0x0002960e                mbedtls_zeroize.lto_priv.345.lto_priv.431
                0x0002960e                mbedtls_zeroize.lto_priv.343.lto_priv.511
                0x0002961e                mbedtls_ccm_free
                0x00029630                mbedtls_ecp_group_free.constprop.269
                0x000296a0                mbedtls_cipher_cmac_starts.constprop.236
                0x000296ec                mbedtls_cipher_cmac.constprop.109
                0x00029750                att_send_execute_write_request
                0x0002976e                att_send_prepare_write_request
                0x000299b2                att_gatt_client_handler
                0x00029c52                att_send_find_information_request
                0x00029c78                sa0610520f9004d6db398ea3d1e989b6dc543071a71a0c4a96b51d2f160e24464.part.4.lto_priv.471
                0x00029cdc                sb31126f76ffb9317a96d8e64755948b3d43e06877d3d571941d52c6a591ffa31.part.2.lto_priv.465
                0x00029d0c                s802af46410c7a0f35a345d9be6e1af5e934d35f312a8df374b403cd86dcc85ce.lto_priv.470
                0x00029d40                saca21475f59fc448745e67aedd489641c7e294aa939652f85183275822078320.lto_priv.462
                0x00029dcc                s92fecfc8a981d4528eb939534acef32bf590236869a876202a728a6a46e1617e.lto_priv.469
                0x00029de0                sbd6df5aec3d286ee0a5fbf03b8ad9c6f14bcfa5ce69992069b6e14bd0c6a3dc7.lto_priv.463
                0x00029df8                sb7e6d8fe7d0d39d69014359cffca71369040ac930afe6800f9fa791ce2567c9b.lto_priv.460
                0x00029e38                s6a993e4a57d6b7aea67c55fa8ac8eb9274aee29fb548c04be790391b667b10c0.lto_priv.467
                0x00029f20                s5bbf6c9c3f70d45fbb3b7df913a2b9c05c0ec73f34bbb04bc78447af99835a08.lto_priv.464
                0x00029f4c                s6d57aa5e3549f3c52fd4f588cd8d1149c4873a651e9b774fa227f63bd0b461c8.lto_priv.468
                0x0002a008                s2a288b3af6da85628740f0a002c8b0f877a2b6867a322cad19d1509eefa8b466.lto_priv.461
                0x0002a02c                sd652b1ca16ac9e40a1e7929e6ca1475bef57f5380f3c508d7fb59ac047ba2989.lto_priv.350.lto_priv.494
                0x0002a02c                sd652b1ca16ac9e40a1e7929e6ca1475bef57f5380f3c508d7fb59ac047ba2989.lto_priv.348.lto_priv.474
                0x0002a02c                sd652b1ca16ac9e40a1e7929e6ca1475bef57f5380f3c508d7fb59ac047ba2989.lto_priv.349.lto_priv.457
                0x0002a03a                s94ef5a2aaddd676e313496a3b2375a012492fbdda96e49e95cf539d829f5d643.lto_priv.493
                0x0002a0c0                sa5ae6ef7b2539f769f292e67fe74130e3bfd3582cc3703b0f05ab007bce4295a.lto_priv.354.lto_priv.477
                0x0002a0c0                sa5ae6ef7b2539f769f292e67fe74130e3bfd3582cc3703b0f05ab007bce4295a.lto_priv.353.lto_priv.458
                0x0002a0c0                sa5ae6ef7b2539f769f292e67fe74130e3bfd3582cc3703b0f05ab007bce4295a.lto_priv.352.lto_priv.473
                0x0002a0c0                sa5ae6ef7b2539f769f292e67fe74130e3bfd3582cc3703b0f05ab007bce4295a.lto_priv.351.lto_priv.466
                0x0002a0e4                s17ba9a44e1e6b5117891778cd33273df20aa4bc5746f45681fb07c5e1a081da7
                0x0002a18c                s9902fdeef505ee121864d56422ad3a446439d4fd9d690cfbe5bc80d7c4070d36.lto_priv.459
                0x0002a20c                sac95fcc8d41ca6146cedea92bcc74a324b70783e1038380a818a74e96bf55de3
                0x0002a218                s9a3a36dfec9bd430c6354550722db622102dbb377d2a1299e221a28d035647fb.lto_priv.423
                0x0002a21c                nvm3_writeData.constprop.259
                0x0002a494                ll_advSetData.constprop.167
                0x0002ae80                mbedtls_ecp_mul.constprop.114
                0x0002b2a8                sca76e5b36c9701c768c1eb4e89a2f1b5cf7937fe08deb09de0fb039d2fee3bce.constprop.91
                0x0002b378                saa811d036cf6ccf84308b07e91c2be39473fcbd50893901c08a2941bfca72f49.constprop.90
                0x0002b41e                s5fec8a4ceaaf808a008e17391e49557f3434a968d7f3a81b1812ea4086336c4e.constprop.58
                0x0002b424                s1be95f16a2c3e74f6d8ead8f297fba68a208e37b4fe5c919ee66ae480844b7cd
                0x0002b724                s4ea21b2fffbd121ba3ffafc8664e418a68ce15bc65b6e11481d907fc5d03bafe
 .text.RAIL_InitTxPowerCurvesAlt
                0x0002b868       0x20 D:\VanNgocThien\TailieuKhoaluantotnghiep\codeproject\New folder\displaymucpin\protocol\bluetooth\lib\EFR32XG13X\GCC\libbluetooth_mesh.a(pa_conversions_efr32.o)
                0x0002b868                RAIL_InitTxPowerCurvesAlt
 .text.RAIL_ConvertDbmToRaw
                0x0002b888       0xc0 D:\VanNgocThien\TailieuKhoaluantotnghiep\codeproject\New folder\displaymucpin\protocol\bluetooth\lib\EFR32XG13X\GCC\libbluetooth_mesh.a(pa_conversions_efr32.o)
                0x0002b888                RAIL_ConvertDbmToRaw
 .text.RAIL_ConvertRawToDbm
                0x0002b948       0xb0 D:\VanNgocThien\TailieuKhoaluantotnghiep\codeproject\New folder\displaymucpin\protocol\bluetooth\lib\EFR32XG13X\GCC\libbluetooth_mesh.a(pa_conversions_efr32.o)
                0x0002b948                RAIL_ConvertRawToDbm
 .text.RAILCore_BLE_Init
                0x0002b9f8       0x14 D:\VanNgocThien\TailieuKhoaluantotnghiep\codeproject\New folder\displaymucpin\protocol\bluetooth\lib\EFR32XG13X\GCC\libbluetooth_mesh.a(rail_ble.o)
                0x0002b9f8                RAILINT_5068bbb2b6fcc434fb14cc631c1d5448
 .text.RAIL_BLE_Init
                0x0002ba0c        0x8 D:\VanNgocThien\TailieuKhoaluantotnghiep\codeproject\New folder\displaymucpin\protocol\bluetooth\lib\EFR32XG13X\GCC\libbluetooth_mesh.a(rail_ble.o)
                0x0002ba0c                RAIL_BLE_Init
 .text.RAILCore_BLE_ConfigPhy1MbpsViterbi
                0x0002ba14       0x1e D:\VanNgocThien\TailieuKhoaluantotnghiep\codeproject\New folder\displaymucpin\protocol\bluetooth\lib\EFR32XG13X\GCC\libbluetooth_mesh.a(rail_ble.o)
                0x0002ba14                RAILINT_e88543c9b596792889571c0f7b731dba
 .text.RAIL_BLE_ConfigPhy1MbpsViterbi
                0x0002ba32        0x8 D:\VanNgocThien\TailieuKhoaluantotnghiep\codeproject\New folder\displaymucpin\protocol\bluetooth\lib\EFR32XG13X\GCC\libbluetooth_mesh.a(rail_ble.o)
                0x0002ba32                RAIL_BLE_ConfigPhy1MbpsViterbi
 .text.RAILCore_BLE_ConfigPhy2MbpsViterbi
                0x0002ba3a       0x1e D:\VanNgocThien\TailieuKhoaluantotnghiep\codeproject\New folder\displaymucpin\protocol\bluetooth\lib\EFR32XG13X\GCC\libbluetooth_mesh.a(rail_ble.o)
                0x0002ba3a                RAILINT_1bbb34915939a1132d22091036a46419
 .text.RAIL_BLE_ConfigPhy2MbpsViterbi
                0x0002ba58        0x8 D:\VanNgocThien\TailieuKhoaluantotnghiep\codeproject\New folder\displaymucpin\protocol\bluetooth\lib\EFR32XG13X\GCC\libbluetooth_mesh.a(rail_ble.o)
                0x0002ba58                RAIL_BLE_ConfigPhy2MbpsViterbi
 .text.RAILCore_BLE_ConfigPhyCoded
                0x0002ba60       0x22 D:\VanNgocThien\TailieuKhoaluantotnghiep\codeproject\New folder\displaymucpin\protocol\bluetooth\lib\EFR32XG13X\GCC\libbluetooth_mesh.a(rail_ble.o)
                0x0002ba60                RAILINT_2ee23e3f7dca1747f4df921175595919
 .text.RAIL_BLE_ConfigPhyCoded
                0x0002ba82        0x8 D:\VanNgocThien\TailieuKhoaluantotnghiep\codeproject\New folder\displaymucpin\protocol\bluetooth\lib\EFR32XG13X\GCC\libbluetooth_mesh.a(rail_ble.o)
                0x0002ba82                RAIL_BLE_ConfigPhyCoded
 .text.RAILCore_BLE_ConfigChannelRadioParams
                0x0002ba8a       0x48 D:\VanNgocThien\TailieuKhoaluantotnghiep\codeproject\New folder\displaymucpin\protocol\bluetooth\lib\EFR32XG13X\GCC\libbluetooth_mesh.a(rail_ble.o)
                0x0002ba8a                RAILINT_301fd6966b03cc938549fcaff8ed0b8e
 .text.RAIL_BLE_ConfigChannelRadioParams
                0x0002bad2       0x12 D:\VanNgocThien\TailieuKhoaluantotnghiep\codeproject\New folder\displaymucpin\protocol\bluetooth\lib\EFR32XG13X\GCC\libbluetooth_mesh.a(rail_ble.o)
                0x0002bad2                RAIL_BLE_ConfigChannelRadioParams
 .text.RAIL_BLE_PhySwitchToRx
                0x0002bae4       0x20 D:\VanNgocThien\TailieuKhoaluantotnghiep\codeproject\New folder\displaymucpin\protocol\bluetooth\lib\EFR32XG13X\GCC\libbluetooth_mesh.a(rail_ble.o)
                0x0002bae4                RAIL_BLE_PhySwitchToRx
 .text.RFHAL_BleReinit
                0x0002bb04       0x74 D:\VanNgocThien\TailieuKhoaluantotnghiep\codeproject\New folder\displaymucpin\protocol\bluetooth\lib\EFR32XG13X\GCC\libbluetooth_mesh.a(rail_ble_rf_hal.o)
                0x0002bb04                RAILINT_04333b69a0dca60b3c740e5ea8c3aaab
 .text.RFHAL_ConfigBle2MbpsViterbi
                0x0002bb78       0x28 D:\VanNgocThien\TailieuKhoaluantotnghiep\codeproject\New folder\displaymucpin\protocol\bluetooth\lib\EFR32XG13X\GCC\libbluetooth_mesh.a(rail_ble_rf_hal.o)
                0x0002bb78                RAILINT_779afa263ed7c3c82ebba499c78a7403
 .text.RFHAL_ConfigBle1MbpsViterbi
                0x0002bba0       0x28 D:\VanNgocThien\TailieuKhoaluantotnghiep\codeproject\New folder\displaymucpin\protocol\bluetooth\lib\EFR32XG13X\GCC\libbluetooth_mesh.a(rail_ble_rf_hal.o)
                0x0002bba0                RAILINT_66ff65441ee5a52a57deeb36588ce487
 .text.RFHAL_ConfigBleCoded
                0x0002bbc8       0x48 D:\VanNgocThien\TailieuKhoaluantotnghiep\codeproject\New folder\displaymucpin\protocol\bluetooth\lib\EFR32XG13X\GCC\libbluetooth_mesh.a(rail_ble_rf_hal.o)
                0x0002bbc8                RAILINT_909b6a7ef307e72517ccf71f477853a4
 .text.RFHAL_BleInit
                0x0002bc10       0x12 D:\VanNgocThien\TailieuKhoaluantotnghiep\codeproject\New folder\displaymucpin\protocol\bluetooth\lib\EFR32XG13X\GCC\libbluetooth_mesh.a(rail_ble_rf_hal.o)
                0x0002bc10                RAILINT_c9e391ec0aca95ac3fcb39c2a85bfbd7
 .text.RFHAL_IsBleLongRangeEnabled
                0x0002bc22        0xe D:\VanNgocThien\TailieuKhoaluantotnghiep\codeproject\New folder\displaymucpin\protocol\bluetooth\lib\EFR32XG13X\GCC\libbluetooth_mesh.a(rail_ble_rf_hal.o)
                0x0002bc22                RAILINT_b1bc1368cb0ab6c3a512d68344391b7e
 .text.RFHAL_BLEPreambleSyncWordSet
                0x0002bc30       0x44 D:\VanNgocThien\TailieuKhoaluantotnghiep\codeproject\New folder\displaymucpin\protocol\bluetooth\lib\EFR32XG13X\GCC\libbluetooth_mesh.a(rail_ble_rf_hal.o)
                0x0002bc30                RAILINT_ea38e09a46dca6f91d142e88e3db7e0e
 .text.RFHAL_BLEWhiteningSet
                0x0002bc74       0xa0 D:\VanNgocThien\TailieuKhoaluantotnghiep\codeproject\New folder\displaymucpin\protocol\bluetooth\lib\EFR32XG13X\GCC\libbluetooth_mesh.a(rail_ble_rf_hal.o)
                0x0002bc74                RAILINT_f866b70e0793b3932db6c314ddec02ae
 .text.RFHAL_BlePhySwitchToRx
                0x0002bd14       0xd4 D:\VanNgocThien\TailieuKhoaluantotnghiep\codeproject\New folder\displaymucpin\protocol\bluetooth\lib\EFR32XG13X\GCC\libbluetooth_mesh.a(rail_ble_rf_hal.o)
                0x0002bd14                RAILINT_385c26eda9eb82a18dffc09180dc91d8
 .text.RAIL_WriteTxFifo
                0x0002bde8        0x8 D:\VanNgocThien\TailieuKhoaluantotnghiep\codeproject\New folder\displaymucpin\protocol\bluetooth\lib\EFR32XG13X\GCC\libbluetooth_mesh.a(rail_data.o)
                0x0002bde8                RAIL_WriteTxFifo
 .text.RAIL_SetTxFifo
                0x0002bdf0        0x8 D:\VanNgocThien\TailieuKhoaluantotnghiep\codeproject\New folder\displaymucpin\protocol\bluetooth\lib\EFR32XG13X\GCC\libbluetooth_mesh.a(rail_data.o)
                0x0002bdf0                RAIL_SetTxFifo
 .text.RAIL_SetRxFifo
                0x0002bdf8        0x8 D:\VanNgocThien\TailieuKhoaluantotnghiep\codeproject\New folder\displaymucpin\protocol\bluetooth\lib\EFR32XG13X\GCC\libbluetooth_mesh.a(rail_data.o)
                0x0002bdf8                RAIL_SetRxFifo
 .text.RAILCb_SetupRxFifo
                0x0002be00       0x30 D:\VanNgocThien\TailieuKhoaluantotnghiep\codeproject\New folder\displaymucpin\protocol\bluetooth\lib\EFR32XG13X\GCC\libbluetooth_mesh.a(rail_data.o)
                0x0002be00                RAILCb_SetupRxFifo
 .text.RAIL_GetRxPacketInfo
                0x0002be30        0x8 D:\VanNgocThien\TailieuKhoaluantotnghiep\codeproject\New folder\displaymucpin\protocol\bluetooth\lib\EFR32XG13X\GCC\libbluetooth_mesh.a(rail_data.o)
                0x0002be30                RAIL_GetRxPacketInfo
 .text.RAIL_GetRxPacketDetailsAlt
                0x0002be38        0x8 D:\VanNgocThien\TailieuKhoaluantotnghiep\codeproject\New folder\displaymucpin\protocol\bluetooth\lib\EFR32XG13X\GCC\libbluetooth_mesh.a(rail_data.o)
                0x0002be38                RAIL_GetRxPacketDetailsAlt
 .text.RAIL_GetRxTimePreambleStartAlt
                0x0002be40        0x8 D:\VanNgocThien\TailieuKhoaluantotnghiep\codeproject\New folder\displaymucpin\protocol\bluetooth\lib\EFR32XG13X\GCC\libbluetooth_mesh.a(rail_data.o)
                0x0002be40                RAIL_GetRxTimePreambleStartAlt
 .text.RAIL_ResetFifo
                0x0002be48       0x24 D:\VanNgocThien\TailieuKhoaluantotnghiep\codeproject\New folder\displaymucpin\protocol\bluetooth\lib\EFR32XG13X\GCC\libbluetooth_mesh.a(rail_data.o)
                0x0002be48                RAIL_ResetFifo
 .text.RAIL_ConfigPti
                0x0002be6c        0x6 D:\VanNgocThien\TailieuKhoaluantotnghiep\codeproject\New folder\displaymucpin\protocol\bluetooth\lib\EFR32XG13X\GCC\libbluetooth_mesh.a(rail_pti.o)
                0x0002be6c                RAIL_ConfigPti
 .text.RAIL_EnablePti
                0x0002be72        0x6 D:\VanNgocThien\TailieuKhoaluantotnghiep\codeproject\New folder\displaymucpin\protocol\bluetooth\lib\EFR32XG13X\GCC\libbluetooth_mesh.a(rail_pti.o)
                0x0002be72                RAIL_EnablePti
 .text.radioConfigChangedDefault
                0x0002be78        0x2 D:\VanNgocThien\TailieuKhoaluantotnghiep\codeproject\New folder\displaymucpin\protocol\bluetooth\lib\EFR32XG13X\GCC\libbluetooth_mesh.a(rail_rf.o)
 .text.isTransitionState
                0x0002be7a       0x12 D:\VanNgocThien\TailieuKhoaluantotnghiep\codeproject\New folder\displaymucpin\protocol\bluetooth\lib\EFR32XG13X\GCC\libbluetooth_mesh.a(rail_rf.o)
 .text.RAILCore_Idle.part.2
                0x0002be8c        0xc D:\VanNgocThien\TailieuKhoaluantotnghiep\codeproject\New folder\displaymucpin\protocol\bluetooth\lib\EFR32XG13X\GCC\libbluetooth_mesh.a(rail_rf.o)
 .text.RAIL_UnlockModule
                0x0002be98        0x4 D:\VanNgocThien\TailieuKhoaluantotnghiep\codeproject\New folder\displaymucpin\protocol\bluetooth\lib\EFR32XG13X\GCC\libbluetooth_mesh.a(rail_rf.o)
                0x0002be98                RAIL_UnlockModule
 .text.RAILCore_Init
                0x0002be9c       0x1e D:\VanNgocThien\TailieuKhoaluantotnghiep\codeproject\New folder\displaymucpin\protocol\bluetooth\lib\EFR32XG13X\GCC\libbluetooth_mesh.a(rail_rf.o)
                0x0002be9c                RAILINT_59121321a1358ecc506fdb12a688e30c
 *fill*         0x0002beba        0x2 
 .text.RAILInt_SetCallbackConfig
                0x0002bebc       0x28 D:\VanNgocThien\TailieuKhoaluantotnghiep\codeproject\New folder\displaymucpin\protocol\bluetooth\lib\EFR32XG13X\GCC\libbluetooth_mesh.a(rail_rf.o)
                0x0002bebc                RAILINT_67b8f114888c610aba62f28a55421a70
 .text.RAILCore_Idle
                0x0002bee4       0x14 D:\VanNgocThien\TailieuKhoaluantotnghiep\codeproject\New folder\displaymucpin\protocol\bluetooth\lib\EFR32XG13X\GCC\libbluetooth_mesh.a(rail_rf.o)
                0x0002bee4                RAILINT_c5804fbffcb4bb00ba2d55e8180afacd
 .text.RAILCb_CalcBitRate
                0x0002bef8        0x8 D:\VanNgocThien\TailieuKhoaluantotnghiep\codeproject\New folder\displaymucpin\protocol\bluetooth\lib\EFR32XG13X\GCC\libbluetooth_mesh.a(rail_rf.o)
                0x0002bef8                RAILCb_CalcBitRate
 .text.RAIL_SetStateTiming
                0x0002bf00        0x8 D:\VanNgocThien\TailieuKhoaluantotnghiep\codeproject\New folder\displaymucpin\protocol\bluetooth\lib\EFR32XG13X\GCC\libbluetooth_mesh.a(rail_rf.o)
                0x0002bf00                RAIL_SetStateTiming
 .text.RAILInt_ComputeSetChannel
                0x0002bf08       0xac D:\VanNgocThien\TailieuKhoaluantotnghiep\codeproject\New folder\displaymucpin\protocol\bluetooth\lib\EFR32XG13X\GCC\libbluetooth_mesh.a(rail_rf.o)
                0x0002bf08                RAILINT_72eb364d7718334eae17f88a79f3de40
 .text.RAILInt_SetChannelRaw
                0x0002bfb4      0x100 D:\VanNgocThien\TailieuKhoaluantotnghiep\codeproject\New folder\displaymucpin\protocol\bluetooth\lib\EFR32XG13X\GCC\libbluetooth_mesh.a(rail_rf.o)
                0x0002bfb4                RAILINT_a7edce70c9b1ddcd5d57d31ae701eb09
 .text.RAILInt_SetChannel
                0x0002c0b4       0x1c D:\VanNgocThien\TailieuKhoaluantotnghiep\codeproject\New folder\displaymucpin\protocol\bluetooth\lib\EFR32XG13X\GCC\libbluetooth_mesh.a(rail_rf.o)
                0x0002c0b4                RAILINT_e0dfaecc04939a24e643c7a83fed51fa
 .text.RAILCore_ConfigChannels
                0x0002c0d0       0x70 D:\VanNgocThien\TailieuKhoaluantotnghiep\codeproject\New folder\displaymucpin\protocol\bluetooth\lib\EFR32XG13X\GCC\libbluetooth_mesh.a(rail_rf.o)
                0x0002c0d0                RAILINT_4d8e913cc0a2a756e4017ab74ecff076
 .text.RAILInt_GetChannel
                0x0002c140        0x4 D:\VanNgocThien\TailieuKhoaluantotnghiep\codeproject\New folder\displaymucpin\protocol\bluetooth\lib\EFR32XG13X\GCC\libbluetooth_mesh.a(rail_rf.o)
                0x0002c140                RAILINT_aa7b882f5023851e2f6a935b3993ee64
 .text.RAILCore_SetTxTransitions
                0x0002c144       0x3c D:\VanNgocThien\TailieuKhoaluantotnghiep\codeproject\New folder\displaymucpin\protocol\bluetooth\lib\EFR32XG13X\GCC\libbluetooth_mesh.a(rail_rf.o)
                0x0002c144                RAILINT_60c29796d4368fee9b7d114bf204b331
 .text.RAIL_SetTxTransitions
                0x0002c180        0x8 D:\VanNgocThien\TailieuKhoaluantotnghiep\codeproject\New folder\displaymucpin\protocol\bluetooth\lib\EFR32XG13X\GCC\libbluetooth_mesh.a(rail_rf.o)
                0x0002c180                RAIL_SetTxTransitions
 .text.RAILCore_SetRxTransitions
                0x0002c188       0x38 D:\VanNgocThien\TailieuKhoaluantotnghiep\codeproject\New folder\displaymucpin\protocol\bluetooth\lib\EFR32XG13X\GCC\libbluetooth_mesh.a(rail_rf.o)
                0x0002c188                RAILINT_20405add256d5061bc482206e21c44d6
 .text.RAIL_SetRxTransitions
                0x0002c1c0        0x8 D:\VanNgocThien\TailieuKhoaluantotnghiep\codeproject\New folder\displaymucpin\protocol\bluetooth\lib\EFR32XG13X\GCC\libbluetooth_mesh.a(rail_rf.o)
                0x0002c1c0                RAIL_SetRxTransitions
 .text.RAIL_ConfigEvents
                0x0002c1c8       0x14 D:\VanNgocThien\TailieuKhoaluantotnghiep\codeproject\New folder\displaymucpin\protocol\bluetooth\lib\EFR32XG13X\GCC\libbluetooth_mesh.a(rail_rf.o)
                0x0002c1c8                RAIL_ConfigEvents
 .text.eventDefault
                0x0002c1dc        0x2 D:\VanNgocThien\TailieuKhoaluantotnghiep\codeproject\New folder\displaymucpin\protocol\bluetooth\lib\EFR32XG13X\GCC\libbluetooth_mesh.a(rail_rf_hal.o)
 *fill*         0x0002c1de        0x2 
 .text.RFHAL_NotifyUserOfIrCal
                0x0002c1e0       0x74 D:\VanNgocThien\TailieuKhoaluantotnghiep\codeproject\New folder\displaymucpin\protocol\bluetooth\lib\EFR32XG13X\GCC\libbluetooth_mesh.a(rail_rf_hal.o)
 .text.RFHAL_ConfigFrameTypeLength
                0x0002c254       0x70 D:\VanNgocThien\TailieuKhoaluantotnghiep\codeproject\New folder\displaymucpin\protocol\bluetooth\lib\EFR32XG13X\GCC\libbluetooth_mesh.a(rail_rf_hal.o)
                0x0002c254                RAILINT_d47266c0db43f83e9de21bc91e34975e
 .text.RFHAL_IntEnable
                0x0002c2c4       0x58 D:\VanNgocThien\TailieuKhoaluantotnghiep\codeproject\New folder\displaymucpin\protocol\bluetooth\lib\EFR32XG13X\GCC\libbluetooth_mesh.a(rail_rf_hal.o)
                0x0002c2c4                RAILINT_40412a06a73a58611332d278503bc3d6
 .text.RFHAL_SetEventCallback
                0x0002c31c       0x18 D:\VanNgocThien\TailieuKhoaluantotnghiep\codeproject\New folder\displaymucpin\protocol\bluetooth\lib\EFR32XG13X\GCC\libbluetooth_mesh.a(rail_rf_hal.o)
                0x0002c31c                RAILINT_d85fb759c83f6e350ace663af6f33b19
 .text.RFHAL_SetPtiProtocol
                0x0002c334       0x20 D:\VanNgocThien\TailieuKhoaluantotnghiep\codeproject\New folder\displaymucpin\protocol\bluetooth\lib\EFR32XG13X\GCC\libbluetooth_mesh.a(rail_rf_hal.o)
                0x0002c334                RAILINT_6d8fbe8d751afa545612026690abd42a
 .text.RFHAL_SetPtiRadioConfig
                0x0002c354        0xc D:\VanNgocThien\TailieuKhoaluantotnghiep\codeproject\New folder\displaymucpin\protocol\bluetooth\lib\EFR32XG13X\GCC\libbluetooth_mesh.a(rail_rf_hal.o)
                0x0002c354                RAILINT_039c8837b55b4124ec147be26732b79a
 .text.RFHAL_Idle
                0x0002c360       0x2a D:\VanNgocThien\TailieuKhoaluantotnghiep\codeproject\New folder\displaymucpin\protocol\bluetooth\lib\EFR32XG13X\GCC\libbluetooth_mesh.a(rail_rf_hal.o)
                0x0002c360                RAILINT_3041ee68c2b41950b0bf839d27f5d049
 *fill*         0x0002c38a        0x2 
 .text.RFHAL_GetRadioState
                0x0002c38c       0x48 D:\VanNgocThien\TailieuKhoaluantotnghiep\codeproject\New folder\displaymucpin\protocol\bluetooth\lib\EFR32XG13X\GCC\libbluetooth_mesh.a(rail_rf_hal.o)
                0x0002c38c                RAILINT_f5d04763af9c9c69bca278c1fb1e9fea
 .text.RFHAL_OkToTransmit
                0x0002c3d4       0x18 D:\VanNgocThien\TailieuKhoaluantotnghiep\codeproject\New folder\displaymucpin\protocol\bluetooth\lib\EFR32XG13X\GCC\libbluetooth_mesh.a(rail_rf_hal.o)
                0x0002c3d4                RAILINT_7eee3adfe8ccb91236a7b23c68c562ed
 .text.RFHAL_ScheduleRx
                0x0002c3ec       0x5a D:\VanNgocThien\TailieuKhoaluantotnghiep\codeproject\New folder\displaymucpin\protocol\bluetooth\lib\EFR32XG13X\GCC\libbluetooth_mesh.a(rail_rf_hal.o)
                0x0002c3ec                RAILINT_97c19152ba85112fa42074bf04eafa43
 *fill*         0x0002c446        0x2 
 .text.RFHAL_EnableRxRawCapture
                0x0002c448       0x58 D:\VanNgocThien\TailieuKhoaluantotnghiep\codeproject\New folder\displaymucpin\protocol\bluetooth\lib\EFR32XG13X\GCC\libbluetooth_mesh.a(rail_rf_hal.o)
                0x0002c448                RAILINT_b091481120c5b69b64d1795bd186a53a
 .text.RFHAL_DisableRxRawCapture
                0x0002c4a0       0x64 D:\VanNgocThien\TailieuKhoaluantotnghiep\codeproject\New folder\displaymucpin\protocol\bluetooth\lib\EFR32XG13X\GCC\libbluetooth_mesh.a(rail_rf_hal.o)
                0x0002c4a0                RAILINT_a3eadf0d43c66c908fc6ca41226d2d7f
 .text.RFHAL_ConfigRxOptions
                0x0002c504      0x154 D:\VanNgocThien\TailieuKhoaluantotnghiep\codeproject\New folder\displaymucpin\protocol\bluetooth\lib\EFR32XG13X\GCC\libbluetooth_mesh.a(rail_rf_hal.o)
                0x0002c504                RAILINT_2d49aecfcb6d27d54075c2234a55d5e7
 .text.RFHAL_GetTimer
                0x0002c658        0xc D:\VanNgocThien\TailieuKhoaluantotnghiep\codeproject\New folder\displaymucpin\protocol\bluetooth\lib\EFR32XG13X\GCC\libbluetooth_mesh.a(rail_rf_hal.o)
                0x0002c658                RAILINT_4fd600df73ad738dc6134784e52dde98
 .text.RFHAL_CancelTimer
                0x0002c664       0x28 D:\VanNgocThien\TailieuKhoaluantotnghiep\codeproject\New folder\displaymucpin\protocol\bluetooth\lib\EFR32XG13X\GCC\libbluetooth_mesh.a(rail_rf_hal.o)
                0x0002c664                RAILINT_e0897ab09399e1165ab8996ccbe6a963
 .text.RFHAL_SetTimer
                0x0002c68c       0x7c D:\VanNgocThien\TailieuKhoaluantotnghiep\codeproject\New folder\displaymucpin\protocol\bluetooth\lib\EFR32XG13X\GCC\libbluetooth_mesh.a(rail_rf_hal.o)
                0x0002c68c                RAILINT_3212ddcec5ace9cb56e8f1cb3ca8d33c
 .text.RFHAL_IsTimerExpired
                0x0002c708       0x1c D:\VanNgocThien\TailieuKhoaluantotnghiep\codeproject\New folder\displaymucpin\protocol\bluetooth\lib\EFR32XG13X\GCC\libbluetooth_mesh.a(rail_rf_hal.o)
                0x0002c708                RAILINT_7eae5faad95e83134e2b9bc718f32f6f
 .text.RFHAL_IsTimerRunning
                0x0002c724        0x6 D:\VanNgocThien\TailieuKhoaluantotnghiep\codeproject\New folder\displaymucpin\protocol\bluetooth\lib\EFR32XG13X\GCC\libbluetooth_mesh.a(rail_rf_hal.o)
                0x0002c724                RAILINT_5191d19cdec3b4ae777036af4371e407
 *fill*         0x0002c72a        0x2 
 .text.RFHAL_CalcBitRate
                0x0002c72c        0xc D:\VanNgocThien\TailieuKhoaluantotnghiep\codeproject\New folder\displaymucpin\protocol\bluetooth\lib\EFR32XG13X\GCC\libbluetooth_mesh.a(rail_rf_hal.o)
                0x0002c72c                RAILINT_ac7481211d96e3b09748432fa25bc4fd
 .text.RFHAL_GetBitRate
                0x0002c738       0x26 D:\VanNgocThien\TailieuKhoaluantotnghiep\codeproject\New folder\displaymucpin\protocol\bluetooth\lib\EFR32XG13X\GCC\libbluetooth_mesh.a(rail_rf_hal.o)
                0x0002c738                RAILINT_4023934c67ddd0d583f73647d279ff8c
 *fill*         0x0002c75e        0x2 
 .text.RFHAL_GetRxBitRate.isra.6
                0x0002c760       0x28 D:\VanNgocThien\TailieuKhoaluantotnghiep\codeproject\New folder\displaymucpin\protocol\bluetooth\lib\EFR32XG13X\GCC\libbluetooth_mesh.a(rail_rf_hal.o)
 .text.RFHAL_SetTxTransitions
                0x0002c788       0x1c D:\VanNgocThien\TailieuKhoaluantotnghiep\codeproject\New folder\displaymucpin\protocol\bluetooth\lib\EFR32XG13X\GCC\libbluetooth_mesh.a(rail_rf_hal.o)
                0x0002c788                RAILINT_023f2cf2a2a5edcfa10ef64050265cd5
 .text.RFHAL_SetRxTransitions
                0x0002c7a4       0x1c D:\VanNgocThien\TailieuKhoaluantotnghiep\codeproject\New folder\displaymucpin\protocol\bluetooth\lib\EFR32XG13X\GCC\libbluetooth_mesh.a(rail_rf_hal.o)
                0x0002c7a4                RAILINT_ce0cca6435b4e9db157575e99b6a93a5
 .text.RFHAL_SetCRCInitVal
                0x0002c7c0        0x4 D:\VanNgocThien\TailieuKhoaluantotnghiep\codeproject\New folder\displaymucpin\protocol\bluetooth\lib\EFR32XG13X\GCC\libbluetooth_mesh.a(rail_rf_hal.o)
                0x0002c7c0                RAILINT_510fab046c1fe71631170f682429666d
 .text.RFHAL_ConfigTxPower
                0x0002c7c4       0x3a D:\VanNgocThien\TailieuKhoaluantotnghiep\codeproject\New folder\displaymucpin\protocol\bluetooth\lib\EFR32XG13X\GCC\libbluetooth_mesh.a(rail_rf_hal.o)
                0x0002c7c4                RAILINT_833ef1b435e1d6dcacb5e19d3b6f023f
 .text.RFHAL_SetTxPowerUnchecked
                0x0002c7fe       0x30 D:\VanNgocThien\TailieuKhoaluantotnghiep\codeproject\New folder\displaymucpin\protocol\bluetooth\lib\EFR32XG13X\GCC\libbluetooth_mesh.a(rail_rf_hal.o)
                0x0002c7fe                RAILINT_39d00ddcadbc93313393e1c6bb75297c
 .text.RFHAL_SetTxPower
                0x0002c82e       0x3c D:\VanNgocThien\TailieuKhoaluantotnghiep\codeproject\New folder\displaymucpin\protocol\bluetooth\lib\EFR32XG13X\GCC\libbluetooth_mesh.a(rail_rf_hal.o)
                0x0002c82e                RAILINT_eaf571e90e0b4741516c9fbb7fed2bfb
 .text.RFHAL_GetTxPowerConfig
                0x0002c86a        0xc D:\VanNgocThien\TailieuKhoaluantotnghiep\codeproject\New folder\displaymucpin\protocol\bluetooth\lib\EFR32XG13X\GCC\libbluetooth_mesh.a(rail_rf_hal.o)
                0x0002c86a                RAILINT_3a7f36375c49f19d1f9a6b6388464608
 .text.RFHAL_GetTxPower
                0x0002c876        0xe D:\VanNgocThien\TailieuKhoaluantotnghiep\codeproject\New folder\displaymucpin\protocol\bluetooth\lib\EFR32XG13X\GCC\libbluetooth_mesh.a(rail_rf_hal.o)
                0x0002c876                RAILINT_89ee9cd3eee65b37bee8eed7a9b631b6
 .text.RFHAL_CalculateSynthParams
                0x0002c884       0x7a D:\VanNgocThien\TailieuKhoaluantotnghiep\codeproject\New folder\displaymucpin\protocol\bluetooth\lib\EFR32XG13X\GCC\libbluetooth_mesh.a(rail_rf_hal.o)
                0x0002c884                RAILINT_074d00355e69f06bd5d99672a2e044d2
 .text.RFHAL_SetChannel
                0x0002c8fe       0x76 D:\VanNgocThien\TailieuKhoaluantotnghiep\codeproject\New folder\displaymucpin\protocol\bluetooth\lib\EFR32XG13X\GCC\libbluetooth_mesh.a(rail_rf_hal.o)
                0x0002c8fe                RAILINT_82cb69b0972fa2512c3bdb5f16e24fca
 .text.RFHAL_IsAutoAckEnabled
                0x0002c974        0x8 D:\VanNgocThien\TailieuKhoaluantotnghiep\codeproject\New folder\displaymucpin\protocol\bluetooth\lib\EFR32XG13X\GCC\libbluetooth_mesh.a(rail_rf_hal.o)
                0x0002c974                RAILINT_ce02a739082f36580275d98771e2a8d3
 .text.RFHAL_AutoAckWaitForAck
                0x0002c97c       0x18 D:\VanNgocThien\TailieuKhoaluantotnghiep\codeproject\New folder\displaymucpin\protocol\bluetooth\lib\EFR32XG13X\GCC\libbluetooth_mesh.a(rail_rf_hal.o)
                0x0002c97c                RAILINT_0a7d1d9a24308e68c2362d7ddca762b2
 .text.RFHAL_GetRxPacketInfo
                0x0002c994       0x48 D:\VanNgocThien\TailieuKhoaluantotnghiep\codeproject\New folder\displaymucpin\protocol\bluetooth\lib\EFR32XG13X\GCC\libbluetooth_mesh.a(rail_rf_hal.o)
                0x0002c994                RAILINT_39475387e0cb29596ec425b4cfae76fb
 .text.RFHAL_GetRxPacketDetailsAlt
                0x0002c9dc      0x15c D:\VanNgocThien\TailieuKhoaluantotnghiep\codeproject\New folder\displaymucpin\protocol\bluetooth\lib\EFR32XG13X\GCC\libbluetooth_mesh.a(rail_rf_hal.o)
                0x0002c9dc                RAILINT_7340662f8076c6df26ddd5f2b9cd6a27
 .text.RFHAL_GetRxTimePreambleStart
                0x0002cb38       0x4c D:\VanNgocThien\TailieuKhoaluantotnghiep\codeproject\New folder\displaymucpin\protocol\bluetooth\lib\EFR32XG13X\GCC\libbluetooth_mesh.a(rail_rf_hal.o)
                0x0002cb38                RAILINT_5e0dff499d47d29af54b31d243bd9f2d
 .text.RFHAL_SetTxBuffer
                0x0002cb84       0x34 D:\VanNgocThien\TailieuKhoaluantotnghiep\codeproject\New folder\displaymucpin\protocol\bluetooth\lib\EFR32XG13X\GCC\libbluetooth_mesh.a(rail_rf_hal.o)
                0x0002cb84                RAILINT_22f7df12e4a1d0a9505ecc05b8267876
 .text.RFHAL_SetRxBuffer
                0x0002cbb8       0x2e D:\VanNgocThien\TailieuKhoaluantotnghiep\codeproject\New folder\displaymucpin\protocol\bluetooth\lib\EFR32XG13X\GCC\libbluetooth_mesh.a(rail_rf_hal.o)
                0x0002cbb8                RAILINT_c74a32ce9d9046472fb95f04500b8771
 *fill*         0x0002cbe6        0x2 
 .text.RFHAL_ResetTxFifo
                0x0002cbe8       0x2c D:\VanNgocThien\TailieuKhoaluantotnghiep\codeproject\New folder\displaymucpin\protocol\bluetooth\lib\EFR32XG13X\GCC\libbluetooth_mesh.a(rail_rf_hal.o)
                0x0002cbe8                RAILINT_0030aaf1be11a73e163f8aa48fb001e6
 .text.RFHAL_WriteTxFifo
                0x0002cc14       0x58 D:\VanNgocThien\TailieuKhoaluantotnghiep\codeproject\New folder\displaymucpin\protocol\bluetooth\lib\EFR32XG13X\GCC\libbluetooth_mesh.a(rail_rf_hal.o)
                0x0002cc14                RAILINT_f6fe6f8bc6346ccaf1570b57732bf259
 .text.RFHAL_ConfigData
                0x0002cc6c       0x68 D:\VanNgocThien\TailieuKhoaluantotnghiep\codeproject\New folder\displaymucpin\protocol\bluetooth\lib\EFR32XG13X\GCC\libbluetooth_mesh.a(rail_rf_hal.o)
                0x0002cc6c                RAILINT_3249bafee0e18f9151d82aad8ddf3cdc
 .text.RFHAL_ResetRxFifo
                0x0002ccd4       0x40 D:\VanNgocThien\TailieuKhoaluantotnghiep\codeproject\New folder\displaymucpin\protocol\bluetooth\lib\EFR32XG13X\GCC\libbluetooth_mesh.a(rail_rf_hal.o)
                0x0002ccd4                RAILINT_19f750ed6d201d6d1fe49531e310f9cd
 .text.RFHAL_SetAbortScheduledTxDuringRx
                0x0002cd14       0x18 D:\VanNgocThien\TailieuKhoaluantotnghiep\codeproject\New folder\displaymucpin\protocol\bluetooth\lib\EFR32XG13X\GCC\libbluetooth_mesh.a(rail_rf_hal.o)
                0x0002cd14                RAILINT_61d79c5892bbcb8907b45e60e17b4a31
 .text.RFHAL_ConfigRadio
                0x0002cd2c       0x14 D:\VanNgocThien\TailieuKhoaluantotnghiep\codeproject\New folder\displaymucpin\protocol\bluetooth\lib\EFR32XG13X\GCC\libbluetooth_mesh.a(rail_rf_hal.o)
                0x0002cd2c                RAILINT_6d729d30865a1181274e70bba293b37d
 .text.RFHAL_PostRadioConfig
                0x0002cd40      0x140 D:\VanNgocThien\TailieuKhoaluantotnghiep\codeproject\New folder\displaymucpin\protocol\bluetooth\lib\EFR32XG13X\GCC\libbluetooth_mesh.a(rail_rf_hal.o)
                0x0002cd40                RAILINT_6b5630b34036f93858d808a0dec3cb6b
 .text.RFHAL_GetTime
                0x0002ce80        0x4 D:\VanNgocThien\TailieuKhoaluantotnghiep\codeproject\New folder\displaymucpin\protocol\bluetooth\lib\EFR32XG13X\GCC\libbluetooth_mesh.a(rail_rf_hal.o)
                0x0002ce80                RAILINT_a6606cea071a8aecad4fccf2fa5c2f69
 .text.RFHAL_ResetAddressFilter
                0x0002ce84       0x10 D:\VanNgocThien\TailieuKhoaluantotnghiep\codeproject\New folder\displaymucpin\protocol\bluetooth\lib\EFR32XG13X\GCC\libbluetooth_mesh.a(rail_rf_hal.o)
                0x0002ce84                RAILINT_ab69c12a8bdde689baa3a5f9181b6b10
 .text.RFHAL_Init
                0x0002ce94       0xc0 D:\VanNgocThien\TailieuKhoaluantotnghiep\codeproject\New folder\displaymucpin\protocol\bluetooth\lib\EFR32XG13X\GCC\libbluetooth_mesh.a(rail_rf_hal.o)
                0x0002ce94                RAILINT_20043ff5b8e6ab39c3068dab7403a8c6
 .text.RFHAL_GetRadioEntropy
                0x0002cf54        0x4 D:\VanNgocThien\TailieuKhoaluantotnghiep\codeproject\New folder\displaymucpin\protocol\bluetooth\lib\EFR32XG13X\GCC\libbluetooth_mesh.a(rail_rf_hal.o)
                0x0002cf54                RAILINT_e25ebd0345d4056b33f0f4fac6b1c90e
 .text.RFHAL_SetStateTiming
                0x0002cf58       0x56 D:\VanNgocThien\TailieuKhoaluantotnghiep\codeproject\New folder\displaymucpin\protocol\bluetooth\lib\EFR32XG13X\GCC\libbluetooth_mesh.a(rail_rf_hal.o)
                0x0002cf58                RAILINT_378f9ba2bb60cd348bf1a73dc64fc6af
 .text.RFHAL_ConfigPti
                0x0002cfae        0x4 D:\VanNgocThien\TailieuKhoaluantotnghiep\codeproject\New folder\displaymucpin\protocol\bluetooth\lib\EFR32XG13X\GCC\libbluetooth_mesh.a(rail_rf_hal.o)
                0x0002cfae                RAILINT_d2275ce494141a43924ec452d3ba7576
 .text.RFHAL_EnablePti
                0x0002cfb2        0x4 D:\VanNgocThien\TailieuKhoaluantotnghiep\codeproject\New folder\displaymucpin\protocol\bluetooth\lib\EFR32XG13X\GCC\libbluetooth_mesh.a(rail_rf_hal.o)
                0x0002cfb2                RAILINT_6933b33bcba9ce817d4fee78f878e935
 *fill*         0x0002cfb6        0x2 
 .text.RFHAL_InitTimerSync
                0x0002cfb8       0x1c D:\VanNgocThien\TailieuKhoaluantotnghiep\codeproject\New folder\displaymucpin\protocol\bluetooth\lib\EFR32XG13X\GCC\libbluetooth_mesh.a(rail_rf_hal.o)
                0x0002cfb8                RAILINT_8fe0b2621bc00896438b9e80a7134a2b
 .text.RFHAL_SetupRxChannelHoppingHardware
                0x0002cfd4       0x3c D:\VanNgocThien\TailieuKhoaluantotnghiep\codeproject\New folder\displaymucpin\protocol\bluetooth\lib\EFR32XG13X\GCC\libbluetooth_mesh.a(rail_rf_hal.o)
                0x0002cfd4                RAILINT_766a50f4d62b8145bfeba05efaf84c8b
 .text.RFHAL_StartRx
                0x0002d010       0x10 D:\VanNgocThien\TailieuKhoaluantotnghiep\codeproject\New folder\displaymucpin\protocol\bluetooth\lib\EFR32XG13X\GCC\libbluetooth_mesh.a(rail_rf_hal.o)
                0x0002d010                RAILINT_9ed13b22fb43a42cf6246a5504feed72
 .text.RFHAL_SetSwitchTxPreambleLength
                0x0002d020       0x48 D:\VanNgocThien\TailieuKhoaluantotnghiep\codeproject\New folder\displaymucpin\protocol\bluetooth\lib\EFR32XG13X\GCC\libbluetooth_mesh.a(rail_rf_hal.o)
                0x0002d020                RAILINT_1b1816dbe56c62221e8a1a4f88e54ac4
 .text.preTxOps
                0x0002d068      0x13c D:\VanNgocThien\TailieuKhoaluantotnghiep\codeproject\New folder\displaymucpin\protocol\bluetooth\lib\EFR32XG13X\GCC\libbluetooth_mesh.a(rail_rf_hal.o)
 .text.RFHAL_StartTx
                0x0002d1a4       0x12 D:\VanNgocThien\TailieuKhoaluantotnghiep\codeproject\New folder\displaymucpin\protocol\bluetooth\lib\EFR32XG13X\GCC\libbluetooth_mesh.a(rail_rf_hal.o)
                0x0002d1a4                RAILINT_1d08617b4158ea727f231990ac8baf5d
 .text.RFHAL_StartScheduledTx
                0x0002d1b6       0x3c D:\VanNgocThien\TailieuKhoaluantotnghiep\codeproject\New folder\displaymucpin\protocol\bluetooth\lib\EFR32XG13X\GCC\libbluetooth_mesh.a(rail_rf_hal.o)
                0x0002d1b6                RAILINT_99400ab307ddba716c1ee50bfd303c45
 *fill*         0x0002d1f2        0x2 
 .text.RFHAL_RestoreTxPreambleLength
                0x0002d1f4       0x34 D:\VanNgocThien\TailieuKhoaluantotnghiep\codeproject\New folder\displaymucpin\protocol\bluetooth\lib\EFR32XG13X\GCC\libbluetooth_mesh.a(rail_rf_hal.o)
                0x0002d1f4                RAILINT_fec111ae6546d8c16e58044c8f6d2b09
 .text.GENERIC_PHY_EventCallback
                0x0002d228      0x1bc D:\VanNgocThien\TailieuKhoaluantotnghiep\codeproject\New folder\displaymucpin\protocol\bluetooth\lib\EFR32XG13X\GCC\libbluetooth_mesh.a(rail_rf_hal.o)
                0x0002d228                RAILINT_7d94510f515617be26a284cc8096bd57
 .text.RFHAL_ValidateModule
                0x0002d3e4        0xc D:\VanNgocThien\TailieuKhoaluantotnghiep\codeproject\New folder\displaymucpin\protocol\bluetooth\lib\EFR32XG13X\GCC\libbluetooth_mesh.a(rail_rf_hal.o)
                0x0002d3e4                RAILINT_b1e77f194f470c9ac2259b55b3c9e45f
 .text.RFHAL_ClearChannelCorrupt
                0x0002d3f0       0x10 D:\VanNgocThien\TailieuKhoaluantotnghiep\codeproject\New folder\displaymucpin\protocol\bluetooth\lib\EFR32XG13X\GCC\libbluetooth_mesh.a(rail_rf_hal.o)
                0x0002d3f0                RAILINT_1ebf782210eb338b16b0b98d1dbf9a58
 .text.RFHAL_IsChannelCorrupt
                0x0002d400       0x10 D:\VanNgocThien\TailieuKhoaluantotnghiep\codeproject\New folder\displaymucpin\protocol\bluetooth\lib\EFR32XG13X\GCC\libbluetooth_mesh.a(rail_rf_hal.o)
                0x0002d400                RAILINT_626c1fc01166bc7b6fc33ede70752233
 .text.RFHAL_IncludeFrameTypeLength
                0x0002d410       0x10 D:\VanNgocThien\TailieuKhoaluantotnghiep\codeproject\New folder\displaymucpin\protocol\bluetooth\lib\EFR32XG13X\GCC\libbluetooth_mesh.a(rail_rf_hal.o)
                0x0002d410                RAILINT_97976c4b2701e5c979bc5c456c661d78
 .text.RAIL_ConfigRxOptions
                0x0002d420        0x8 D:\VanNgocThien\TailieuKhoaluantotnghiep\codeproject\New folder\displaymucpin\protocol\bluetooth\lib\EFR32XG13X\GCC\libbluetooth_mesh.a(rail_rx.o)
                0x0002d420                RAIL_ConfigRxOptions
 .text.RAILCore_ScheduleRx
                0x0002d428       0x2c D:\VanNgocThien\TailieuKhoaluantotnghiep\codeproject\New folder\displaymucpin\protocol\bluetooth\lib\EFR32XG13X\GCC\libbluetooth_mesh.a(rail_rx.o)
                0x0002d428                RAILINT_086017fdb374a998d21f5428f8f3accf
 .text.RAILCb_ConfigFrameTypeLength
                0x0002d454        0x4 D:\VanNgocThien\TailieuKhoaluantotnghiep\codeproject\New folder\displaymucpin\protocol\bluetooth\lib\EFR32XG13X\GCC\libbluetooth_mesh.a(rail_rx.o)
                0x0002d454                RAILCb_ConfigFrameTypeLength
 .text.setMultiTimer
                0x0002d458        0x4 D:\VanNgocThien\TailieuKhoaluantotnghiep\codeproject\New folder\displaymucpin\protocol\bluetooth\lib\EFR32XG13X\GCC\libbluetooth_mesh.a(rail_singleprotocol.o)
 .text.cancelMultiTimer
                0x0002d45c        0x4 D:\VanNgocThien\TailieuKhoaluantotnghiep\codeproject\New folder\displaymucpin\protocol\bluetooth\lib\EFR32XG13X\GCC\libbluetooth_mesh.a(rail_singleprotocol.o)
 .text.isMultiTimerExpired
                0x0002d460        0x4 D:\VanNgocThien\TailieuKhoaluantotnghiep\codeproject\New folder\displaymucpin\protocol\bluetooth\lib\EFR32XG13X\GCC\libbluetooth_mesh.a(rail_singleprotocol.o)
 .text.getMultiTimer
                0x0002d464        0x4 D:\VanNgocThien\TailieuKhoaluantotnghiep\codeproject\New folder\displaymucpin\protocol\bluetooth\lib\EFR32XG13X\GCC\libbluetooth_mesh.a(rail_singleprotocol.o)
 .text.getActiveTimerCb
                0x0002d468       0x18 D:\VanNgocThien\TailieuKhoaluantotnghiep\codeproject\New folder\displaymucpin\protocol\bluetooth\lib\EFR32XG13X\GCC\libbluetooth_mesh.a(rail_singleprotocol.o)
 .text.isMultiTimerRunning
                0x0002d480        0x4 D:\VanNgocThien\TailieuKhoaluantotnghiep\codeproject\New folder\displaymucpin\protocol\bluetooth\lib\EFR32XG13X\GCC\libbluetooth_mesh.a(rail_singleprotocol.o)
 .text.RAIL_Init
                0x0002d484       0x2c D:\VanNgocThien\TailieuKhoaluantotnghiep\codeproject\New folder\displaymucpin\protocol\bluetooth\lib\EFR32XG13X\GCC\libbluetooth_mesh.a(rail_singleprotocol.o)
                0x0002d484                RAIL_Init
 .text.RAIL_GetSchedulerStatus
                0x0002d4b0        0x4 D:\VanNgocThien\TailieuKhoaluantotnghiep\codeproject\New folder\displaymucpin\protocol\bluetooth\lib\EFR32XG13X\GCC\libbluetooth_mesh.a(rail_singleprotocol.o)
                0x0002d4b0                RAIL_GetSchedulerStatus
 .text.RAIL_ConfigSleep
                0x0002d4b4       0x14 D:\VanNgocThien\TailieuKhoaluantotnghiep\codeproject\New folder\displaymucpin\protocol\bluetooth\lib\EFR32XG13X\GCC\libbluetooth_mesh.a(rail_singleprotocol.o)
                0x0002d4b4                RAIL_ConfigSleep
 .text.RAIL_Idle
                0x0002d4c8        0x8 D:\VanNgocThien\TailieuKhoaluantotnghiep\codeproject\New folder\displaymucpin\protocol\bluetooth\lib\EFR32XG13X\GCC\libbluetooth_mesh.a(rail_singleprotocol.o)
                0x0002d4c8                RAIL_Idle
 .text.RAIL_YieldRadio
                0x0002d4d0        0x2 D:\VanNgocThien\TailieuKhoaluantotnghiep\codeproject\New folder\displaymucpin\protocol\bluetooth\lib\EFR32XG13X\GCC\libbluetooth_mesh.a(rail_singleprotocol.o)
                0x0002d4d0                RAIL_YieldRadio
 .text.RAIL_GetRadioEntropy
                0x0002d4d2        0x8 D:\VanNgocThien\TailieuKhoaluantotnghiep\codeproject\New folder\displaymucpin\protocol\bluetooth\lib\EFR32XG13X\GCC\libbluetooth_mesh.a(rail_singleprotocol.o)
                0x0002d4d2                RAIL_GetRadioEntropy
 .text.RAIL_SetTimer
                0x0002d4da       0x1c D:\VanNgocThien\TailieuKhoaluantotnghiep\codeproject\New folder\displaymucpin\protocol\bluetooth\lib\EFR32XG13X\GCC\libbluetooth_mesh.a(rail_singleprotocol.o)
                0x0002d4da                RAIL_SetTimer
 .text.RAIL_CancelTimer
                0x0002d4f6        0xe D:\VanNgocThien\TailieuKhoaluantotnghiep\codeproject\New folder\displaymucpin\protocol\bluetooth\lib\EFR32XG13X\GCC\libbluetooth_mesh.a(rail_singleprotocol.o)
                0x0002d4f6                RAIL_CancelTimer
 .text.RAIL_StartTx
                0x0002d504        0x8 D:\VanNgocThien\TailieuKhoaluantotnghiep\codeproject\New folder\displaymucpin\protocol\bluetooth\lib\EFR32XG13X\GCC\libbluetooth_mesh.a(rail_singleprotocol.o)
                0x0002d504                RAIL_StartTx
 .text.RAIL_StartScheduledTx
                0x0002d50c        0x8 D:\VanNgocThien\TailieuKhoaluantotnghiep\codeproject\New folder\displaymucpin\protocol\bluetooth\lib\EFR32XG13X\GCC\libbluetooth_mesh.a(rail_singleprotocol.o)
                0x0002d50c                RAIL_StartScheduledTx
 .text.RAIL_ScheduleRx
                0x0002d514        0x8 D:\VanNgocThien\TailieuKhoaluantotnghiep\codeproject\New folder\displaymucpin\protocol\bluetooth\lib\EFR32XG13X\GCC\libbluetooth_mesh.a(rail_singleprotocol.o)
                0x0002d514                RAIL_ScheduleRx
 .text.RAIL_GetTime
                0x0002d51c        0x4 D:\VanNgocThien\TailieuKhoaluantotnghiep\codeproject\New folder\displaymucpin\protocol\bluetooth\lib\EFR32XG13X\GCC\libbluetooth_mesh.a(rail_timer.o)
                0x0002d51c                RAIL_GetTime
 .text.RAIL_GetTxPower
                0x0002d520        0x8 D:\VanNgocThien\TailieuKhoaluantotnghiep\codeproject\New folder\displaymucpin\protocol\bluetooth\lib\EFR32XG13X\GCC\libbluetooth_mesh.a(rail_tx.o)
                0x0002d520                RAIL_GetTxPower
 .text.RAIL_ConfigTxPower
                0x0002d528       0x24 D:\VanNgocThien\TailieuKhoaluantotnghiep\codeproject\New folder\displaymucpin\protocol\bluetooth\lib\EFR32XG13X\GCC\libbluetooth_mesh.a(rail_tx.o)
                0x0002d528                RAIL_ConfigTxPower
 .text.RAIL_VerifyTxPowerCurves
                0x0002d54c        0x4 D:\VanNgocThien\TailieuKhoaluantotnghiep\codeproject\New folder\displaymucpin\protocol\bluetooth\lib\EFR32XG13X\GCC\libbluetooth_mesh.a(rail_tx.o)
                0x0002d54c                RAIL_VerifyTxPowerCurves
 .text.RAIL_GetTxPowerConfig
                0x0002d550        0x8 D:\VanNgocThien\TailieuKhoaluantotnghiep\codeproject\New folder\displaymucpin\protocol\bluetooth\lib\EFR32XG13X\GCC\libbluetooth_mesh.a(rail_tx.o)
                0x0002d550                RAIL_GetTxPowerConfig
 .text.RAIL_SetTxPowerDbm
                0x0002d558       0x36 D:\VanNgocThien\TailieuKhoaluantotnghiep\codeproject\New folder\displaymucpin\protocol\bluetooth\lib\EFR32XG13X\GCC\libbluetooth_mesh.a(rail_tx.o)
                0x0002d558                RAIL_SetTxPowerDbm
 *fill*         0x0002d58e        0x2 
 .text.checkAndAddRxLenOverflowEntry.part.1
                0x0002d590       0x34 D:\VanNgocThien\TailieuKhoaluantotnghiep\codeproject\New folder\displaymucpin\protocol\bluetooth\lib\EFR32XG13X\GCC\libbluetooth_mesh.a(rfhal_bufc.o)
 .text.BUFC_ReadHelper
                0x0002d5c4       0x7a D:\VanNgocThien\TailieuKhoaluantotnghiep\codeproject\New folder\displaymucpin\protocol\bluetooth\lib\EFR32XG13X\GCC\libbluetooth_mesh.a(rfhal_bufc.o)
 *fill*         0x0002d63e        0x2 
 .text.BUFC_SetTxBuffer
                0x0002d640       0x38 D:\VanNgocThien\TailieuKhoaluantotnghiep\codeproject\New folder\displaymucpin\protocol\bluetooth\lib\EFR32XG13X\GCC\libbluetooth_mesh.a(rfhal_bufc.o)
                0x0002d640                RAILINT_8309d0303dd52c35776f1b9d204e124b
 .text.BUFC_SetRxBuffer
                0x0002d678       0x1c D:\VanNgocThien\TailieuKhoaluantotnghiep\codeproject\New folder\displaymucpin\protocol\bluetooth\lib\EFR32XG13X\GCC\libbluetooth_mesh.a(rfhal_bufc.o)
                0x0002d678                RAILINT_5bb11e8550b329b01c70a60522ae80ea
 .text.BUFC_WriteBuffer
                0x0002d694       0xb0 D:\VanNgocThien\TailieuKhoaluantotnghiep\codeproject\New folder\displaymucpin\protocol\bluetooth\lib\EFR32XG13X\GCC\libbluetooth_mesh.a(rfhal_bufc.o)
                0x0002d694                RAILINT_5a1f8c6c11575b3b85ca7be599aaafeb
 .text.BUFC_Peek
                0x0002d744       0x12 D:\VanNgocThien\TailieuKhoaluantotnghiep\codeproject\New folder\displaymucpin\protocol\bluetooth\lib\EFR32XG13X\GCC\libbluetooth_mesh.a(rfhal_bufc.o)
                0x0002d744                RAILINT_15165ba22b471a208be11581197fd0a6
 .text.BUFC_PeekByte
                0x0002d756       0x46 D:\VanNgocThien\TailieuKhoaluantotnghiep\codeproject\New folder\displaymucpin\protocol\bluetooth\lib\EFR32XG13X\GCC\libbluetooth_mesh.a(rfhal_bufc.o)
                0x0002d756                RAILINT_0f9d1e26abedef5a5603dcefe1e88cf3
 .text.BUFC_GetSpaceAvailable
                0x0002d79c       0x24 D:\VanNgocThien\TailieuKhoaluantotnghiep\codeproject\New folder\displaymucpin\protocol\bluetooth\lib\EFR32XG13X\GCC\libbluetooth_mesh.a(rfhal_bufc.o)
                0x0002d79c                RAILINT_919aec075a004cf38e79a044a3f11059
 .text.BUFC_GetBytesAvailable
                0x0002d7c0       0x14 D:\VanNgocThien\TailieuKhoaluantotnghiep\codeproject\New folder\displaymucpin\protocol\bluetooth\lib\EFR32XG13X\GCC\libbluetooth_mesh.a(rfhal_bufc.o)
                0x0002d7c0                RAILINT_87ca22770b2c0e007720e383f3143457
 .text.BUFC_TxAckBufferSet